Archive member included to satisfy reference by file (symbol)

C:/ST/STM32CubeIDE_1.18.0/STM32CubeIDE/plugins/com.st.stm32cube.ide.mcu.externaltools.gnu-tools-for-stm32.13.3.rel1.win32_1.0.0.202411081344/tools/bin/../lib/gcc/arm-none-eabi/13.3.1/../../../../arm-none-eabi/lib/thumb/v8-m.main+dp/hard\libc_nano.a(libc_a-exit.o)
                              C:/ST/STM32CubeIDE_1.18.0/STM32CubeIDE/plugins/com.st.stm32cube.ide.mcu.externaltools.gnu-tools-for-stm32.13.3.rel1.win32_1.0.0.202411081344/tools/bin/../lib/gcc/arm-none-eabi/13.3.1/../../../../arm-none-eabi/lib/thumb/v8-m.main+dp/hard/crt0.o (exit)
C:/ST/STM32CubeIDE_1.18.0/STM32CubeIDE/plugins/com.st.stm32cube.ide.mcu.externaltools.gnu-tools-for-stm32.13.3.rel1.win32_1.0.0.202411081344/tools/bin/../lib/gcc/arm-none-eabi/13.3.1/../../../../arm-none-eabi/lib/thumb/v8-m.main+dp/hard\libc_nano.a(libc_a-findfp.o)
                              C:/ST/STM32CubeIDE_1.18.0/STM32CubeIDE/plugins/com.st.stm32cube.ide.mcu.externaltools.gnu-tools-for-stm32.13.3.rel1.win32_1.0.0.202411081344/tools/bin/../lib/gcc/arm-none-eabi/13.3.1/../../../../arm-none-eabi/lib/thumb/v8-m.main+dp/hard\libc_nano.a(libc_a-exit.o) (__stdio_exit_handler)
C:/ST/STM32CubeIDE_1.18.0/STM32CubeIDE/plugins/com.st.stm32cube.ide.mcu.externaltools.gnu-tools-for-stm32.13.3.rel1.win32_1.0.0.202411081344/tools/bin/../lib/gcc/arm-none-eabi/13.3.1/../../../../arm-none-eabi/lib/thumb/v8-m.main+dp/hard\libc_nano.a(libc_a-fwalk.o)
                              C:/ST/STM32CubeIDE_1.18.0/STM32CubeIDE/plugins/com.st.stm32cube.ide.mcu.externaltools.gnu-tools-for-stm32.13.3.rel1.win32_1.0.0.202411081344/tools/bin/../lib/gcc/arm-none-eabi/13.3.1/../../../../arm-none-eabi/lib/thumb/v8-m.main+dp/hard\libc_nano.a(libc_a-findfp.o) (_fwalk_sglue)
C:/ST/STM32CubeIDE_1.18.0/STM32CubeIDE/plugins/com.st.stm32cube.ide.mcu.externaltools.gnu-tools-for-stm32.13.3.rel1.win32_1.0.0.202411081344/tools/bin/../lib/gcc/arm-none-eabi/13.3.1/../../../../arm-none-eabi/lib/thumb/v8-m.main+dp/hard\libc_nano.a(libc_a-stdio.o)
                              C:/ST/STM32CubeIDE_1.18.0/STM32CubeIDE/plugins/com.st.stm32cube.ide.mcu.externaltools.gnu-tools-for-stm32.13.3.rel1.win32_1.0.0.202411081344/tools/bin/../lib/gcc/arm-none-eabi/13.3.1/../../../../arm-none-eabi/lib/thumb/v8-m.main+dp/hard\libc_nano.a(libc_a-findfp.o) (__sread)
C:/ST/STM32CubeIDE_1.18.0/STM32CubeIDE/plugins/com.st.stm32cube.ide.mcu.externaltools.gnu-tools-for-stm32.13.3.rel1.win32_1.0.0.202411081344/tools/bin/../lib/gcc/arm-none-eabi/13.3.1/../../../../arm-none-eabi/lib/thumb/v8-m.main+dp/hard\libc_nano.a(libc_a-memset.o)
                              C:/ST/STM32CubeIDE_1.18.0/STM32CubeIDE/plugins/com.st.stm32cube.ide.mcu.externaltools.gnu-tools-for-stm32.13.3.rel1.win32_1.0.0.202411081344/tools/bin/../lib/gcc/arm-none-eabi/13.3.1/../../../../arm-none-eabi/lib/thumb/v8-m.main+dp/hard/crt0.o (memset)
C:/ST/STM32CubeIDE_1.18.0/STM32CubeIDE/plugins/com.st.stm32cube.ide.mcu.externaltools.gnu-tools-for-stm32.13.3.rel1.win32_1.0.0.202411081344/tools/bin/../lib/gcc/arm-none-eabi/13.3.1/../../../../arm-none-eabi/lib/thumb/v8-m.main+dp/hard\libc_nano.a(libc_a-closer.o)
                              C:/ST/STM32CubeIDE_1.18.0/STM32CubeIDE/plugins/com.st.stm32cube.ide.mcu.externaltools.gnu-tools-for-stm32.13.3.rel1.win32_1.0.0.202411081344/tools/bin/../lib/gcc/arm-none-eabi/13.3.1/../../../../arm-none-eabi/lib/thumb/v8-m.main+dp/hard\libc_nano.a(libc_a-stdio.o) (_close_r)
C:/ST/STM32CubeIDE_1.18.0/STM32CubeIDE/plugins/com.st.stm32cube.ide.mcu.externaltools.gnu-tools-for-stm32.13.3.rel1.win32_1.0.0.202411081344/tools/bin/../lib/gcc/arm-none-eabi/13.3.1/../../../../arm-none-eabi/lib/thumb/v8-m.main+dp/hard\libc_nano.a(libc_a-reent.o)
                              C:/ST/STM32CubeIDE_1.18.0/STM32CubeIDE/plugins/com.st.stm32cube.ide.mcu.externaltools.gnu-tools-for-stm32.13.3.rel1.win32_1.0.0.202411081344/tools/bin/../lib/gcc/arm-none-eabi/13.3.1/../../../../arm-none-eabi/lib/thumb/v8-m.main+dp/hard\libc_nano.a(libc_a-closer.o) (errno)
C:/ST/STM32CubeIDE_1.18.0/STM32CubeIDE/plugins/com.st.stm32cube.ide.mcu.externaltools.gnu-tools-for-stm32.13.3.rel1.win32_1.0.0.202411081344/tools/bin/../lib/gcc/arm-none-eabi/13.3.1/../../../../arm-none-eabi/lib/thumb/v8-m.main+dp/hard\libc_nano.a(libc_a-impure.o)
                              C:/ST/STM32CubeIDE_1.18.0/STM32CubeIDE/plugins/com.st.stm32cube.ide.mcu.externaltools.gnu-tools-for-stm32.13.3.rel1.win32_1.0.0.202411081344/tools/bin/../lib/gcc/arm-none-eabi/13.3.1/../../../../arm-none-eabi/lib/thumb/v8-m.main+dp/hard\libc_nano.a(libc_a-reent.o) (_impure_ptr)
C:/ST/STM32CubeIDE_1.18.0/STM32CubeIDE/plugins/com.st.stm32cube.ide.mcu.externaltools.gnu-tools-for-stm32.13.3.rel1.win32_1.0.0.202411081344/tools/bin/../lib/gcc/arm-none-eabi/13.3.1/../../../../arm-none-eabi/lib/thumb/v8-m.main+dp/hard\libc_nano.a(libc_a-lseekr.o)
[...]
Memory Configuration

Name             Origin             Length             Attributes
ROM              0x34000400         0x0007fc00         xrw
RAM              0x34080000         0x00180000         xrw
*default*        0x00000000         0xffffffff

Linker script and memory map

LOAD C:/ST/STM32CubeIDE_1.18.0/STM32CubeIDE/plugins/com.st.stm32cube.ide.mcu.externaltools.gnu-tools-for-stm32.13.3.rel1.win32_1.0.0.202411081344/tools/bin/../lib/gcc/arm-none-eabi/13.3.1/thumb/v8-m.main+dp/hard/crti.o
LOAD C:/ST/STM32CubeIDE_1.18.0/STM32CubeIDE/plugins/com.st.stm32cube.ide.mcu.externaltools.gnu-tools-for-stm32.13.3.rel1.win32_1.0.0.202411081344/tools/bin/../lib/gcc/arm-none-eabi/13.3.1/thumb/v8-m.main+dp/hard/crtbegin.o
LOAD C:/ST/STM32CubeIDE_1.18.0/STM32CubeIDE/plugins/com.st.stm32cube.ide.mcu.externaltools.gnu-tools-for-stm32.13.3.rel1.win32_1.0.0.202411081344/tools/bin/../lib/gcc/arm-none-eabi/13.3.1/../../../../arm-none-eabi/lib/thumb/v8-m.main+dp/hard/crt0.o
LOAD ./Core/Src/stm32n6xx_hal_msp.o
LOAD ./Core/Src/stm32n6xx_it.o
LOAD ./Core/Src/syscalls.o
LOAD ./Core/Src/sysmem.o
LOAD ./Core/Src/system_stm32n6xx_s.o
LOAD ./Core/Startup/startup_stm32n657l0hxq.o
LOAD ./Drivers/STM32N6xx_HAL_Driver/stm32n6xx_hal.o
LOAD ./Drivers/STM32N6xx_HAL_Driver/stm32n6xx_hal_cortex.o
LOAD ./Drivers/STM32N6xx_HAL_Driver/stm32n6xx_hal_dma.o
LOAD ./Drivers/STM32N6xx_HAL_Driver/stm32n6xx_hal_dma_ex.o
LOAD ./Drivers/STM32N6xx_HAL_Driver/stm32n6xx_hal_exti.o
LOAD ./Drivers/STM32N6xx_HAL_Driver/stm32n6xx_hal_gpio.o
LOAD ./Drivers/STM32N6xx_HAL_Driver/stm32n6xx_hal_pwr.o
LOAD ./Drivers/STM32N6xx_HAL_Driver/stm32n6xx_hal_pwr_ex.o
LOAD ./Drivers/STM32N6xx_HAL_Driver/stm32n6xx_hal_rcc.o
LOAD ./Drivers/STM32N6xx_HAL_Driver/stm32n6xx_hal_rcc_ex.o
LOAD ./src/app/app_init.o
LOAD ./src/app/diagnostics.o
LOAD ./src/app/optical_health.o
LOAD ./src/app/path_manager.o
LOAD ./src/app/peer_comm.o
LOAD ./src/drivers/net/eth_rgmii.o
LOAD ./src/drivers/net/mgmt_frame.o
LOAD ./src/drivers/sfp/sfp_driver.o
LOAD ./src/drivers/sfp/sfp_gpio.o
LOAD ./src/drivers/xswitch/lan96455_driver.o
LOAD ./src/drivers/xswitch/lan96455_irq.o
LOAD ./src/drivers/xswitch/lan96455_vlan.o
LOAD ./src/main.o
LOAD ./src/platform/bxp_clock.o
LOAD ./src/platform/bxp_gpio.o
LOAD ./src/platform/bxp_i2c.o
LOAD ./src/platform/bxp_spi.o
START GROUP
LOAD C:/ST/STM32CubeIDE_1.18.0/STM32CubeIDE/plugins/com.st.stm32cube.ide.mcu.externaltools.gnu-tools-for-stm32.13.3.rel1.win32_1.0.0.202411081344/tools/bin/../lib/gcc/arm-none-eabi/13.3.1/../../../../arm-none-eabi/lib/thumb/v8-m.main+dp/hard\libc_nano.a
LOAD C:/ST/STM32CubeIDE_1.18.0/STM32CubeIDE/plugins/com.st.stm32cube.ide.mcu.externaltools.gnu-tools-for-stm32.13.3.rel1.win32_1.0.0.202411081344/tools/bin/../lib/gcc/arm-none-eabi/13.3.1/../../../../arm-none-eabi/lib/thumb/v8-m.main+dp/hard\libm.a
END GROUP
START GROUP
LOAD C:/ST/STM32CubeIDE_1.18.0/STM32CubeIDE/plugins/com.st.stm32cube.ide.mcu.externaltools.gnu-tools-for-stm32.13.3.rel1.win32_1.0.0.202411081344/tools/bin/../lib/gcc/arm-none-eabi/13.3.1/thumb/v8-m.main+dp/hard\libgcc.a
LOAD C:/ST/STM32CubeIDE_1.18.0/STM32CubeIDE/plugins/com.st.stm32cube.ide.mcu.externaltools.gnu-tools-for-stm32.13.3.rel1.win32_1.0.0.202411081344/tools/bin/../lib/gcc/arm-none-eabi/13.3.1/../../../../arm-none-eabi/lib/thumb/v8-m.main+dp/hard\libc_nano.a
END GROUP
START GROUP
LOAD C:/ST/STM32CubeIDE_1.18.0/STM32CubeIDE/plugins/com.st.stm32cube.ide.mcu.externaltools.gnu-tools-for-stm32.13.3.rel1.win32_1.0.0.202411081344/tools/bin/../lib/gcc/arm-none-eabi/13.3.1/thumb/v8-m.main+dp/hard\libgcc.a
LOAD C:/ST/STM32CubeIDE_1.18.0/STM32CubeIDE/plugins/com.st.stm32cube.ide.mcu.externaltools.gnu-tools-for-stm32.13.3.rel1.win32_1.0.0.202411081344/tools/bin/../lib/gcc/arm-none-eabi/13.3.1/../../../../arm-none-eabi/lib/thumb/v8-m.main+dp/hard\libc_nano.a
LOAD C:/ST/STM32CubeIDE_1.18.0/STM32CubeIDE/plugins/com.st.stm32cube.ide.mcu.externaltools.gnu-tools-for-stm32.13.3.rel1.win32_1.0.0.202411081344/tools/bin/../lib/gcc/arm-none-eabi/13.3.1/../../../../arm-none-eabi/lib/thumb/v8-m.main+dp/hard\libnosys.a
END GROUP
START GROUP
LOAD C:/ST/STM32CubeIDE_1.18.0/STM32CubeIDE/plugins/com.st.stm32cube.ide.mcu.externaltools.gnu-tools-for-stm32.13.3.rel1.win32_1.0.0.202411081344/tools/bin/../lib/gcc/arm-none-eabi/13.3.1/thumb/v8-m.main+dp/hard\libgcc.a
LOAD C:/ST/STM32CubeIDE_1.18.0/STM32CubeIDE/plugins/com.st.stm32cube.ide.mcu.externaltools.gnu-tools-for-stm32.13.3.rel1.win32_1.0.0.202411081344/tools/bin/../lib/gcc/arm-none-eabi/13.3.1/../../../../arm-none-eabi/lib/thumb/v8-m.main+dp/hard\libc_nano.a
LOAD C:/ST/STM32CubeIDE_1.18.0/STM32CubeIDE/plugins/com.st.stm32cube.ide.mcu.externaltools.gnu-tools-for-stm32.13.3.rel1.win32_1.0.0.202411081344/tools/bin/../lib/gcc/arm-none-eabi/13.3.1/../../../../arm-none-eabi/lib/thumb/v8-m.main+dp/hard\libnosys.a
END GROUP
LOAD C:/ST/STM32CubeIDE_1.18.0/STM32CubeIDE/plugins/com.st.stm32cube.ide.mcu.externaltools.gnu-tools-for-stm32.13.3.rel1.win32_1.0.0.202411081344/tools/bin/../lib/gcc/arm-none-eabi/13.3.1/thumb/v8-m.main+dp/hard/crtend.o
LOAD C:/ST/STM32CubeIDE_1.18.0/STM32CubeIDE/plugins/com.st.stm32cube.ide.mcu.externaltools.gnu-tools-for-stm32.13.3.rel1.win32_1.0.0.202411081344/tools/bin/../lib/gcc/arm-none-eabi/13.3.1/thumb/v8-m.main+dp/hard/crtn.o
                0x34200000                        _estack = (ORIGIN (RAM) + LENGTH (RAM))
                0x341ff800                        _sstack = (_estack - _Min_Stack_Size)
                0x00000200                        _Min_Heap_Size = 0x200
                0x00000800                        _Min_Stack_Size = 0x800

.isr_vector     0x34000400      0x34c
                0x34000400                        . = ALIGN (0x4)
 *(.isr_vector)
 .isr_vector    0x34000400      0x34c ./Core/Startup/startup_stm32n657l0hxq.o
                0x34000400                g_pfnVectors
                0x3400074c                        . = ALIGN (0x4)

.text           0x3400074c     0x36f8
                0x3400074c                        . = ALIGN (0x4)
 *(.text)
 .text          0x3400074c       0x40 C:/ST/STM32CubeIDE_1.18.0/STM32CubeIDE/plugins/com.st.stm32cube.ide.mcu.externaltools.gnu-tools-for-stm32.13.3.rel1.win32_1.0.0.202411081344/tools/bin/../lib/gcc/arm-none-eabi/13.3.1/thumb/v8-m.main+dp/hard/crtbegin.o
 *(.text*)
 .text.HAL_MspInit
                0x3400078c        0xe ./Core/Src/stm32n6xx_hal_msp.o
                0x3400078c                HAL_MspInit
 .text.NMI_Handler
                0x3400079a        0x8 ./Core/Src/stm32n6xx_it.o
                0x3400079a                NMI_Handler
 .text.HardFault_Handler
                0x340007a2        0x8 ./Core/Src/stm32n6xx_it.o
                0x340007a2                HardFault_Handler
 .text.MemManage_Handler
                0x340007aa        0x8 ./Core/Src/stm32n6xx_it.o
                0x340007aa                MemManage_Handler
 .text.BusFault_Handler
                0x340007b2        0x8 ./Core/Src/stm32n6xx_it.o
                0x340007b2                BusFault_Handler
 .text.UsageFault_Handler
                0x340007ba        0x8 ./Core/Src/stm32n6xx_it.o
                0x340007ba                UsageFault_Handler
 .text.SecureFault_Handler
                0x340007c2        0x8 ./Core/Src/stm32n6xx_it.o
                0x340007c2                SecureFault_Handler
 .text.SVC_Handler
                0x340007ca        0xe ./Core/Src/stm32n6xx_it.o
                0x340007ca                SVC_Handler
 .text.DebugMon_Handler
                0x340007d8        0xe ./Core/Src/stm32n6xx_it.o
                0x340007d8                DebugMon_Handler
 .text.PendSV_Handler
                0x340007e6        0xe ./Core/Src/stm32n6xx_it.o
                0x340007e6                PendSV_Handler
 .text.SysTick_Handler
                0x340007f4        0xc ./Core/Src/stm32n6xx_it.o
                0x340007f4                SysTick_Handler
 .text.TZ_SAU_Setup
                0x34000800       0x74 ./Core/Src/system_stm32n6xx_s.o
 .text.SystemInit
                0x34000874       0x70 ./Core/Src/system_stm32n6xx_s.o
                0x34000874                SystemInit
 .text.SystemCoreClockUpdate
                0x340008e4      0x350 ./Core/Src/system_stm32n6xx_s.o
                0x340008e4                SystemCoreClockUpdate
 .text.SECURE_SystemCoreClockUpdate
                0x34000c34       0x2c ./Core/Src/system_stm32n6xx_s.o
                0x34000c34                __acle_se_SECURE_SystemCoreClockUpdate
 .text.Reset_Handler
                0x34000c60       0x5c ./Core/Startup/startup_stm32n657l0hxq.o
                0x34000c60                Reset_Handler
 .text.Default_Handler
                0x34000cbc        0x2 ./Core/Startup/startup_stm32n657l0hxq.o
                0x34000cbc                HPDMA1_Channel13_IRQHandler
                0x34000cbc                EXTI2_IRQHandler
                0x34000cbc                MCE2_IRQHandler
                0x34000cbc                TIM8_CC_IRQHandler
                0x34000cbc                USB2_OTG_HS_IRQHandler
                0x34000cbc                SAI1_A_IRQHandler
                0x34000cbc                EXTI5_IRQHandler
                0x34000cbc                I3C1_ER_IRQHandler
                0x34000cbc                UART8_IRQHandler
                0x34000cbc                CTI_INT0_IRQHandler
                0x34000cbc                SPI4_IRQHandler
                0x34000cbc                LTDC_LO_IRQHandler
                0x34000cbc                NPU2_IRQHandler
                0x34000cbc                FDCAN3_IT0_IRQHandler
                0x34000cbc                EXTI13_IRQHandler
                0x34000cbc                TIM1_CC_IRQHandler
                0x34000cbc                XSPI1_IRQHandler
                0x34000cbc                TIM10_IRQHandler
                0x34000cbc                JPEG_IRQHandler
                0x34000cbc                TAMP_IRQHandler
                0x34000cbc                CACHE_ECC_IRQHandler
                0x34000cbc                TIM6_IRQHandler
                0x34000cbc                CSI_IRQHandler
                0x34000cbc                EXTI12_IRQHandler
                0x34000cbc                GFXTIM_IRQHandler
                0x34000cbc                EXTI3_IRQHandler
                0x34000cbc                LPTIM4_IRQHandler
                0x34000cbc                GPDMA1_Channel5_IRQHandler
                0x34000cbc                EXTI8_IRQHandler
                0x34000cbc                LPTIM2_IRQHandler
                0x34000cbc                GFXMMU_IRQHandler
                0x34000cbc                LTDC_LO_ERR_IRQHandler
                0x34000cbc                I2C3_ER_IRQHandler
                0x34000cbc                RIFSC_TAMPER_IRQHandler
                0x34000cbc                USART10_IRQHandler
                0x34000cbc                MDF1_FLT2_IRQHandler
                0x34000cbc                LPTIM3_IRQHandler
                0x34000cbc                SAI2_A_IRQHandler
                0x34000cbc                EXTI0_IRQHandler
                0x34000cbc                HPDMA1_Channel9_IRQHandler
                0x34000cbc                I2C2_EV_IRQHandler
                0x34000cbc                GPU2D_IRQHandler
                0x34000cbc                FPU_IRQHandler
                0x34000cbc                GPDMA1_Channel3_IRQHandler
                0x34000cbc                GPDMA1_Channel7_IRQHandler
                0x34000cbc                MDF1_FLT4_IRQHandler
                0x34000cbc                FDCAN1_IT1_IRQHandler
                0x34000cbc                HPDMA1_Channel3_IRQHandler
                0x34000cbc                ADC1_2_IRQHandler
                0x34000cbc                GPDMA1_Channel9_IRQHandler
                0x34000cbc                SPI1_IRQHandler
                0x34000cbc                CACHEAXI_IRQHandler
                0x34000cbc                SAI1_B_IRQHandler
                0x34000cbc                GPDMA1_Channel2_IRQHandler
                0x34000cbc                PAHB_ERR_IRQHandler
                0x34000cbc                TIM8_UP_IRQHandler
                0x34000cbc                RCC_S_IRQHandler
                0x34000cbc                MDF1_FLT1_IRQHandler
                0x34000cbc                LTDC_UP_IRQHandler
                0x34000cbc                LOCKUP_IRQHandler
                0x34000cbc                PKA_IRQHandler
                0x34000cbc                USART6_IRQHandler
                0x34000cbc                HPDMA1_Channel2_IRQHandler
                0x34000cbc                MDF1_FLT5_IRQHandler
                0x34000cbc                MCE4_IRQHandler
                0x34000cbc                I3C2_ER_IRQHandler
                0x34000cbc                EXTI15_IRQHandler
                0x34000cbc                TIM17_IRQHandler
                0x34000cbc                USART3_IRQHandler
                0x34000cbc                HPDMA1_Channel6_IRQHandler
                0x34000cbc                CRYP_IRQHandler
                0x34000cbc                RTC_IRQHandler
                0x34000cbc                XSPI2_IRQHandler
                0x34000cbc                EXTI9_IRQHandler
                0x34000cbc                IAC_IRQHandler
                0x34000cbc                HPDMA1_Channel0_IRQHandler
                0x34000cbc                LPTIM5_IRQHandler
                0x34000cbc                HPDMA1_Channel1_IRQHandler
                0x34000cbc                UART5_IRQHandler
                0x34000cbc                TIM4_IRQHandler
                0x34000cbc                NPU3_IRQHandler
                0x34000cbc                I3C2_EV_IRQHandler
                0x34000cbc                I2C1_EV_IRQHandler
                0x34000cbc                FDCAN_CU_IRQHandler
                0x34000cbc                GPDMA1_Channel12_IRQHandler
                0x34000cbc                HPDMA1_Channel7_IRQHandler
                0x34000cbc                GPDMA1_Channel1_IRQHandler
                0x34000cbc                TIM16_IRQHandler
                0x34000cbc                GPDMA1_Channel15_IRQHandler
                0x34000cbc                UART4_IRQHandler
                0x34000cbc                TCM_ECC_IRQHandler
                0x34000cbc                TIM3_IRQHandler
                0x34000cbc                RCC_IRQHandler
                0x34000cbc                UART9_IRQHandler
                0x34000cbc                NPU1_IRQHandler
                0x34000cbc                SAI2_B_IRQHandler
                0x34000cbc                Default_Handler
                0x34000cbc                GPDMA1_Channel8_IRQHandler
                0x34000cbc                HPDMA1_Channel8_IRQHandler
                0x34000cbc                TIM18_IRQHandler
                0x34000cbc                TIM14_IRQHandler
                0x34000cbc                TIM13_IRQHandler
                0x34000cbc                CTI_INT1_IRQHandler
                0x34000cbc                GPDMA1_Channel11_IRQHandler
                0x34000cbc                GPU2D_ER_IRQHandler
                0x34000cbc                SPI5_IRQHandler
                0x34000cbc                TIM12_IRQHandler
                0x34000cbc                TIM7_IRQHandler
                0x34000cbc                FDCAN3_IT1_IRQHandler
                0x34000cbc                HPDMA1_Channel10_IRQHandler
                0x34000cbc                SDMMC1_IRQHandler
                0x34000cbc                SAES_IRQHandler
                0x34000cbc                TIM5_IRQHandler
                0x34000cbc                UCPD1_IRQHandler
                0x34000cbc                GPDMA1_Channel0_IRQHandler
                0x34000cbc                I3C1_EV_IRQHandler
                0x34000cbc                HPDMA1_Channel5_IRQHandler
                0x34000cbc                TIM15_IRQHandler
                0x34000cbc                I2C3_EV_IRQHandler
                0x34000cbc                HPDMA1_Channel4_IRQHandler
                0x34000cbc                HPDMA1_Channel15_IRQHandler
                0x34000cbc                TIM9_IRQHandler
                0x34000cbc                ETH1_IRQHandler
                0x34000cbc                USB1_OTG_HS_IRQHandler
                0x34000cbc                PVD_PVM_IRQHandler
                0x34000cbc                SPI2_IRQHandler
                0x34000cbc                TIM1_TRG_CCU_IRQHandler
                0x34000cbc                HPDMA1_Channel11_IRQHandler
                0x34000cbc                EXTI14_IRQHandler
                0x34000cbc                EXTI11_IRQHandler
                0x34000cbc                VENC_IRQHandler
                0x34000cbc                GPDMA1_Channel14_IRQHandler
                0x34000cbc                EXTI4_IRQHandler
                0x34000cbc                RTC_S_IRQHandler
                0x34000cbc                GPDMA1_Channel13_IRQHandler
                0x34000cbc                RNG_IRQHandler
                0x34000cbc                XSPI3_IRQHandler
                0x34000cbc                FDCAN2_IT1_IRQHandler
                0x34000cbc                TIM1_UP_IRQHandler
                0x34000cbc                NPU0_IRQHandler
                0x34000cbc                BCK_ECC_IRQHandler
                0x34000cbc                WWDG_IRQHandler
                0x34000cbc                SPI6_IRQHandler
                0x34000cbc                MDIOS_IRQHandler
                0x34000cbc                I2C4_EV_IRQHandler
                0x34000cbc                FDCAN2_IT0_IRQHandler
                0x34000cbc                IWDG_IRQHandler
                0x34000cbc                HPDMA1_Channel14_IRQHandler
                0x34000cbc                LPUART1_IRQHandler
                0x34000cbc                FDCAN1_IT0_IRQHandler
                0x34000cbc                MDF1_FLT0_IRQHandler
                0x34000cbc                TIM2_IRQHandler
                0x34000cbc                MCE3_IRQHandler
                0x34000cbc                GPDMA1_Channel4_IRQHandler
                0x34000cbc                EXTI7_IRQHandler
                0x34000cbc                DMA2D_IRQHandler
                0x34000cbc                TIM1_BRK_IRQHandler
                0x34000cbc                EXTI1_IRQHandler
                0x34000cbc                SDMMC2_IRQHandler
                0x34000cbc                TIM11_IRQHandler
                0x34000cbc                LTDC_UP_ERR_IRQHandler
                0x34000cbc                UART7_IRQHandler
                0x34000cbc                DTS_IRQHandler
                0x34000cbc                MDF1_FLT3_IRQHandler
                0x34000cbc                USART2_IRQHandler
                0x34000cbc                GPDMA1_Channel6_IRQHandler
                0x34000cbc                ADF1_FLT0_IRQHandler
                0x34000cbc                I2C2_ER_IRQHandler
                0x34000cbc                MCE1_IRQHandler
                0x34000cbc                SPDIFRX_IRQHandler
                0x34000cbc                TIM8_BRK_IRQHandler
                0x34000cbc                HPDMA1_Channel12_IRQHandler
                0x34000cbc                USART1_IRQHandler
                0x34000cbc                EXTI10_IRQHandler
                0x34000cbc                SPI3_IRQHandler
                0x34000cbc                WAKEUP_PIN_IRQHandler
                0x34000cbc                DCMIPP_IRQHandler
                0x34000cbc                I2C1_ER_IRQHandler
                0x34000cbc                FMC_IRQHandler
                0x34000cbc                EXTI6_IRQHandler
                0x34000cbc                LPTIM1_IRQHandler
                0x34000cbc                DCMI_PSSI_IRQHandler
                0x34000cbc                TIM8_TRG_CCU_IRQHandler
                0x34000cbc                I2C4_ER_IRQHandler
                0x34000cbc                GPDMA1_Channel10_IRQHandler
                0x34000cbc                ICACHE_IRQHandler
                0x34000cbc                HASH_IRQHandler
 .text.HAL_Init
                0x34000cbe       0x28 ./Drivers/STM32N6xx_HAL_Driver/stm32n6xx_hal.o
                0x34000cbe                HAL_Init
 *fill*         0x34000ce6        0x2 
 .text.HAL_InitTick
                0x34000ce8       0x6c ./Drivers/STM32N6xx_HAL_Driver/stm32n6xx_hal.o
                0x34000ce8                HAL_InitTick
 .text.HAL_IncTick
                0x34000d54       0x28 ./Drivers/STM32N6xx_HAL_Driver/stm32n6xx_hal.o
                0x34000d54                HAL_IncTick
 .text.HAL_GetTick
                0x34000d7c       0x18 ./Drivers/STM32N6xx_HAL_Driver/stm32n6xx_hal.o
                0x34000d7c                HAL_GetTick
 .text.HAL_Delay
                0x34000d94       0x48 ./Drivers/STM32N6xx_HAL_Driver/stm32n6xx_hal.o
                0x34000d94                HAL_Delay
 .text.__NVIC_SetPriorityGrouping
                0x34000ddc       0x48 ./Drivers/STM32N6xx_HAL_Driver/stm32n6xx_hal_cortex.o
 .text.__NVIC_GetPriorityGrouping
                0x34000e24       0x1c ./Drivers/STM32N6xx_HAL_Driver/stm32n6xx_hal_cortex.o
 .text.__NVIC_EnableIRQ
                0x34000e40       0x3c ./Drivers/STM32N6xx_HAL_Driver/stm32n6xx_hal_cortex.o
 .text.__NVIC_SetPriority
                0x34000e7c       0x54 ./Drivers/STM32N6xx_HAL_Driver/stm32n6xx_hal_cortex.o
 .text.NVIC_EncodePriority
                0x34000ed0       0x66 ./Drivers/STM32N6xx_HAL_Driver/stm32n6xx_hal_cortex.o
 *fill*         0x34000f36        0x2 
 .text.SysTick_Config
                0x34000f38       0x44 ./Drivers/STM32N6xx_HAL_Driver/stm32n6xx_hal_cortex.o
 .text.HAL_NVIC_SetPriorityGrouping
                0x34000f7c       0x16 ./Drivers/STM32N6xx_HAL_Driver/stm32n6xx_hal_cortex.o
                0x34000f7c                HAL_NVIC_SetPriorityGrouping
 .text.HAL_NVIC_SetPriority
                0x34000f92       0x3a ./Drivers/STM32N6xx_HAL_Driver/stm32n6xx_hal_cortex.o
                0x34000f92                HAL_NVIC_SetPriority
 .text.HAL_NVIC_EnableIRQ
                0x34000fcc       0x1c ./Drivers/STM32N6xx_HAL_Driver/stm32n6xx_hal_cortex.o
                0x34000fcc                HAL_NVIC_EnableIRQ
 .text.HAL_SYSTICK_Config
                0x34000fe8       0x18 ./Drivers/STM32N6xx_HAL_Driver/stm32n6xx_hal_cortex.o
                0x34000fe8                HAL_SYSTICK_Config
 .text.HAL_GPIO_Init
                0x34001000      0x364 ./Drivers/STM32N6xx_HAL_Driver/stm32n6xx_hal_gpio.o
                0x34001000                HAL_GPIO_Init
 .text.HAL_GPIO_ReadPin
                0x34001364       0x30 ./Drivers/STM32N6xx_HAL_Driver/stm32n6xx_hal_gpio.o
                0x34001364                HAL_GPIO_ReadPin
 .text.HAL_GPIO_WritePin
                0x34001394       0x30 ./Drivers/STM32N6xx_HAL_Driver/stm32n6xx_hal_gpio.o
                0x34001394                HAL_GPIO_WritePin
 .text.HAL_GPIO_TogglePin
                0x340013c4       0x34 ./Drivers/STM32N6xx_HAL_Driver/stm32n6xx_hal_gpio.o
                0x340013c4                HAL_GPIO_TogglePin
 .text.LL_RCC_HSE_IsReady
                0x340013f8       0x24 ./Drivers/STM32N6xx_HAL_Driver/stm32n6xx_hal_rcc.o
 .text.LL_RCC_HSI_Enable
                0x3400141c       0x1c ./Drivers/STM32N6xx_HAL_Driver/stm32n6xx_hal_rcc.o
 .text.LL_RCC_HSI_Disable
                0x34001438       0x20 ./Drivers/STM32N6xx_HAL_Driver/stm32n6xx_hal_rcc.o
 .text.LL_RCC_HSI_IsReady
                0x34001458       0x24 ./Drivers/STM32N6xx_HAL_Driver/stm32n6xx_hal_rcc.o
 .text.LL_RCC_HSI_SetDivider
                0x3400147c       0x28 ./Drivers/STM32N6xx_HAL_Driver/stm32n6xx_hal_rcc.o
 .text.LL_RCC_HSI_GetDivider
                0x340014a4       0x1c ./Drivers/STM32N6xx_HAL_Driver/stm32n6xx_hal_rcc.o
 .text.LL_RCC_HSI_SetCalibTrimming
                0x340014c0       0x2c ./Drivers/STM32N6xx_HAL_Driver/stm32n6xx_hal_rcc.o
 .text.LL_RCC_MSI_Enable
                0x340014ec       0x1c ./Drivers/STM32N6xx_HAL_Driver/stm32n6xx_hal_rcc.o
 .text.LL_RCC_MSI_Disable
                0x34001508       0x20 ./Drivers/STM32N6xx_HAL_Driver/stm32n6xx_hal_rcc.o
 .text.LL_RCC_MSI_IsReady
                0x34001528       0x24 ./Drivers/STM32N6xx_HAL_Driver/stm32n6xx_hal_rcc.o
 .text.LL_RCC_MSI_SetFrequency
                0x3400154c       0x28 ./Drivers/STM32N6xx_HAL_Driver/stm32n6xx_hal_rcc.o
 .text.LL_RCC_MSI_SetCalibTrimming
                0x34001574       0x2c ./Drivers/STM32N6xx_HAL_Driver/stm32n6xx_hal_rcc.o
 .text.LL_RCC_LSE_IsReady
                0x340015a0       0x24 ./Drivers/STM32N6xx_HAL_Driver/stm32n6xx_hal_rcc.o
 .text.LL_RCC_LSI_Enable
                0x340015c4       0x1c ./Drivers/STM32N6xx_HAL_Driver/stm32n6xx_hal_rcc.o
 .text.LL_RCC_LSI_Disable
                0x340015e0       0x20 ./Drivers/STM32N6xx_HAL_Driver/stm32n6xx_hal_rcc.o
 .text.LL_RCC_LSI_IsReady
                0x34001600       0x1c ./Drivers/STM32N6xx_HAL_Driver/stm32n6xx_hal_rcc.o
 .text.LL_RCC_GetCpuClkSource
                0x3400161c       0x1c ./Drivers/STM32N6xx_HAL_Driver/stm32n6xx_hal_rcc.o
 .text.LL_RCC_GetSysClkSource
                0x34001638       0x1c ./Drivers/STM32N6xx_HAL_Driver/stm32n6xx_hal_rcc.o
 .text.LL_RCC_PLL1_GetSource
                0x34001654       0x1c ./Drivers/STM32N6xx_HAL_Driver/stm32n6xx_hal_rcc.o
 .text.LL_RCC_PLL1_IsReady
                0x34001670       0x28 ./Drivers/STM32N6xx_HAL_Driver/stm32n6xx_hal_rcc.o
 .text.LL_RCC_PLL1_IsEnabledBypass
                0x34001698       0x28 ./Drivers/STM32N6xx_HAL_Driver/stm32n6xx_hal_rcc.o
 .text.LL_RCC_PLL2_GetSource
                0x340016c0       0x1c ./Drivers/STM32N6xx_HAL_Driver/stm32n6xx_hal_rcc.o
 .text.LL_RCC_PLL2_IsReady
                0x340016dc       0x28 ./Drivers/STM32N6xx_HAL_Driver/stm32n6xx_hal_rcc.o
 .text.LL_RCC_PLL2_IsEnabledBypass
                0x34001704       0x28 ./Drivers/STM32N6xx_HAL_Driver/stm32n6xx_hal_rcc.o
 .text.LL_RCC_PLL3_GetSource
                0x3400172c       0x1c ./Drivers/STM32N6xx_HAL_Driver/stm32n6xx_hal_rcc.o
 .text.LL_RCC_PLL3_IsReady
                0x34001748       0x28 ./Drivers/STM32N6xx_HAL_Driver/stm32n6xx_hal_rcc.o
 .text.LL_RCC_PLL3_IsEnabledBypass
                0x34001770       0x28 ./Drivers/STM32N6xx_HAL_Driver/stm32n6xx_hal_rcc.o
 .text.LL_RCC_PLL4_GetSource
                0x34001798       0x1c ./Drivers/STM32N6xx_HAL_Driver/stm32n6xx_hal_rcc.o
 .text.LL_RCC_PLL4_IsReady
                0x340017b4       0x28 ./Drivers/STM32N6xx_HAL_Driver/stm32n6xx_hal_rcc.o
 .text.LL_RCC_PLL4_IsEnabledBypass
                0x340017dc       0x28 ./Drivers/STM32N6xx_HAL_Driver/stm32n6xx_hal_rcc.o
 .text.LL_RCC_IC1_Enable
                0x34001804       0x1c ./Drivers/STM32N6xx_HAL_Driver/stm32n6xx_hal_rcc.o
 .text.LL_RCC_IC1_GetSource
                0x34001820       0x1c ./Drivers/STM32N6xx_HAL_Driver/stm32n6xx_hal_rcc.o
 .text.LL_RCC_IC1_GetDivider
                0x3400183c       0x20 ./Drivers/STM32N6xx_HAL_Driver/stm32n6xx_hal_rcc.o
 .text.LL_RCC_IC2_GetSource
                0x3400185c       0x1c ./Drivers/STM32N6xx_HAL_Driver/stm32n6xx_hal_rcc.o
 .text.LL_RCC_IC6_GetSource
                0x34001878       0x1c ./Drivers/STM32N6xx_HAL_Driver/stm32n6xx_hal_rcc.o
 .text.LL_RCC_IC11_GetSource
                0x34001894       0x1c ./Drivers/STM32N6xx_HAL_Driver/stm32n6xx_hal_rcc.o
 .text.HAL_RCC_OscConfig
                0x340018b0      0x800 ./Drivers/STM32N6xx_HAL_Driver/stm32n6xx_hal_rcc.o
                0x340018b0                HAL_RCC_OscConfig
 .text.HAL_RCC_ClockConfig
                0x340020b0      0x408 ./Drivers/STM32N6xx_HAL_Driver/stm32n6xx_hal_rcc.o
                0x340020b0                HAL_RCC_ClockConfig
 .text.HAL_RCC_GetCpuClockFreq
                0x340024b8      0x100 ./Drivers/STM32N6xx_HAL_Driver/stm32n6xx_hal_rcc.o
                0x340024b8                HAL_RCC_GetCpuClockFreq
 .text.RCC_PLL_Config
                0x340025b8      0x260 ./Drivers/STM32N6xx_HAL_Driver/stm32n6xx_hal_rcc.o
 .text.RCC_PLL_Enable
                0x34002818       0x58 ./Drivers/STM32N6xx_HAL_Driver/stm32n6xx_hal_rcc.o
 .text.RCC_PLL_IsNewConfig
                0x34002870       0xf4 ./Drivers/STM32N6xx_HAL_Driver/stm32n6xx_hal_rcc.o
 .text.RCC_PLL_Source_IsReady
                0x34002964       0x74 ./Drivers/STM32N6xx_HAL_Driver/stm32n6xx_hal_rcc.o
 .text.RCC_IC_CheckPLLSources
                0x340029d8      0x170 ./Drivers/STM32N6xx_HAL_Driver/stm32n6xx_hal_rcc.o
 .text.LL_RCC_HSE_IsReady
                0x34002b48       0x24 ./Drivers/STM32N6xx_HAL_Driver/stm32n6xx_hal_rcc_ex.o
 .text.LL_RCC_HSI_IsReady
                0x34002b6c       0x24 ./Drivers/STM32N6xx_HAL_Driver/stm32n6xx_hal_rcc_ex.o
 .text.LL_RCC_HSI_GetDivider
                0x34002b90       0x1c ./Drivers/STM32N6xx_HAL_Driver/stm32n6xx_hal_rcc_ex.o
 .text.LL_RCC_MSI_IsReady
                0x34002bac       0x24 ./Drivers/STM32N6xx_HAL_Driver/stm32n6xx_hal_rcc_ex.o
 .text.LL_RCC_MSI_GetFrequency
                0x34002bd0       0x1c ./Drivers/STM32N6xx_HAL_Driver/stm32n6xx_hal_rcc_ex.o
 .text.LL_RCC_PLL1_GetSource
                0x34002bec       0x1c ./Drivers/STM32N6xx_HAL_Driver/stm32n6xx_hal_rcc_ex.o
 .text.LL_RCC_PLL1_IsReady
                0x34002c08       0x28 ./Drivers/STM32N6xx_HAL_Driver/stm32n6xx_hal_rcc_ex.o
 .text.LL_RCC_PLL1_IsEnabledBypass
                0x34002c30       0x28 ./Drivers/STM32N6xx_HAL_Driver/stm32n6xx_hal_rcc_ex.o
 .text.LL_RCC_PLL1_GetN
                0x34002c58       0x20 ./Drivers/STM32N6xx_HAL_Driver/stm32n6xx_hal_rcc_ex.o
 .text.LL_RCC_PLL1_GetM
                0x34002c78       0x20 ./Drivers/STM32N6xx_HAL_Driver/stm32n6xx_hal_rcc_ex.o
 .text.LL_RCC_PLL1_GetP1
                0x34002c98       0x20 ./Drivers/STM32N6xx_HAL_Driver/stm32n6xx_hal_rcc_ex.o
 .text.LL_RCC_PLL1_GetP2
                0x34002cb8       0x20 ./Drivers/STM32N6xx_HAL_Driver/stm32n6xx_hal_rcc_ex.o
 .text.LL_RCC_PLL1P_IsEnabled
                0x34002cd8       0x28 ./Drivers/STM32N6xx_HAL_Driver/stm32n6xx_hal_rcc_ex.o
 .text.LL_RCC_PLL1_GetFRACN
                0x34002d00       0x1c ./Drivers/STM32N6xx_HAL_Driver/stm32n6xx_hal_rcc_ex.o
 .text.LL_RCC_PLL2_GetSource
                0x34002d1c       0x1c ./Drivers/STM32N6xx_HAL_Driver/stm32n6xx_hal_rcc_ex.o
 .text.LL_RCC_PLL2_IsReady
                0x34002d38       0x28 ./Drivers/STM32N6xx_HAL_Driver/stm32n6xx_hal_rcc_ex.o
 .text.LL_RCC_PLL2_IsEnabledBypass
                0x34002d60       0x28 ./Drivers/STM32N6xx_HAL_Driver/stm32n6xx_hal_rcc_ex.o
 .text.LL_RCC_PLL2_GetN
                0x34002d88       0x20 ./Drivers/STM32N6xx_HAL_Driver/stm32n6xx_hal_rcc_ex.o
 .text.LL_RCC_PLL2_GetM
                0x34002da8       0x20 ./Drivers/STM32N6xx_HAL_Driver/stm32n6xx_hal_rcc_ex.o
 .text.LL_RCC_PLL2_GetP1
                0x34002dc8       0x20 ./Drivers/STM32N6xx_HAL_Driver/stm32n6xx_hal_rcc_ex.o
 .text.LL_RCC_PLL2_GetP2
                0x34002de8       0x20 ./Drivers/STM32N6xx_HAL_Driver/stm32n6xx_hal_rcc_ex.o
 .text.LL_RCC_PLL2P_IsEnabled
                0x34002e08       0x28 ./Drivers/STM32N6xx_HAL_Driver/stm32n6xx_hal_rcc_ex.o
 .text.LL_RCC_PLL2_GetFRACN
                0x34002e30       0x1c ./Drivers/STM32N6xx_HAL_Driver/stm32n6xx_hal_rcc_ex.o
 .text.LL_RCC_PLL3_GetSource
                0x34002e4c       0x1c ./Drivers/STM32N6xx_HAL_Driver/stm32n6xx_hal_rcc_ex.o
 .text.LL_RCC_PLL3_IsReady
                0x34002e68       0x28 ./Drivers/STM32N6xx_HAL_Driver/stm32n6xx_hal_rcc_ex.o
 .text.LL_RCC_PLL3_IsEnabledBypass
                0x34002e90       0x28 ./Drivers/STM32N6xx_HAL_Driver/stm32n6xx_hal_rcc_ex.o
 .text.LL_RCC_PLL3_GetN
                0x34002eb8       0x20 ./Drivers/STM32N6xx_HAL_Driver/stm32n6xx_hal_rcc_ex.o
 .text.LL_RCC_PLL3_GetM
                0x34002ed8       0x20 ./Drivers/STM32N6xx_HAL_Driver/stm32n6xx_hal_rcc_ex.o
 .text.LL_RCC_PLL3_GetP1
                0x34002ef8       0x20 ./Drivers/STM32N6xx_HAL_Driver/stm32n6xx_hal_rcc_ex.o
 .text.LL_RCC_PLL3_GetP2
                0x34002f18       0x20 ./Drivers/STM32N6xx_HAL_Driver/stm32n6xx_hal_rcc_ex.o
 .text.LL_RCC_PLL3P_IsEnabled
                0x34002f38       0x28 ./Drivers/STM32N6xx_HAL_Driver/stm32n6xx_hal_rcc_ex.o
 .text.LL_RCC_PLL3_GetFRACN
                0x34002f60       0x1c ./Drivers/STM32N6xx_HAL_Driver/stm32n6xx_hal_rcc_ex.o
 .text.LL_RCC_PLL4_GetSource
                0x34002f7c       0x1c ./Drivers/STM32N6xx_HAL_Driver/stm32n6xx_hal_rcc_ex.o
 .text.LL_RCC_PLL4_IsReady
                0x34002f98       0x28 ./Drivers/STM32N6xx_HAL_Driver/stm32n6xx_hal_rcc_ex.o
 .text.LL_RCC_PLL4_IsEnabledBypass
                0x34002fc0       0x28 ./Drivers/STM32N6xx_HAL_Driver/stm32n6xx_hal_rcc_ex.o
 .text.LL_RCC_PLL4_GetN
                0x34002fe8       0x20 ./Drivers/STM32N6xx_HAL_Driver/stm32n6xx_hal_rcc_ex.o
 .text.LL_RCC_PLL4_GetM
                0x34003008       0x20 ./Drivers/STM32N6xx_HAL_Driver/stm32n6xx_hal_rcc_ex.o
 .text.LL_RCC_PLL4_GetP1
                0x34003028       0x20 ./Drivers/STM32N6xx_HAL_Driver/stm32n6xx_hal_rcc_ex.o
 .text.LL_RCC_PLL4_GetP2
                0x34003048       0x20 ./Drivers/STM32N6xx_HAL_Driver/stm32n6xx_hal_rcc_ex.o
 .text.LL_RCC_PLL4P_IsEnabled
                0x34003068       0x28 ./Drivers/STM32N6xx_HAL_Driver/stm32n6xx_hal_rcc_ex.o
 .text.LL_RCC_PLL4_GetFRACN
                0x34003090       0x1c ./Drivers/STM32N6xx_HAL_Driver/stm32n6xx_hal_rcc_ex.o
 .text.HAL_RCCEx_GetPLL1CLKFreq
                0x340030ac       0x8c ./Drivers/STM32N6xx_HAL_Driver/stm32n6xx_hal_rcc_ex.o
                0x340030ac                HAL_RCCEx_GetPLL1CLKFreq
 .text.HAL_RCCEx_GetPLL2CLKFreq
                0x34003138       0x8c ./Drivers/STM32N6xx_HAL_Driver/stm32n6xx_hal_rcc_ex.o
                0x34003138                HAL_RCCEx_GetPLL2CLKFreq
 .text.HAL_RCCEx_GetPLL3CLKFreq
                0x340031c4       0x8c ./Drivers/STM32N6xx_HAL_Driver/stm32n6xx_hal_rcc_ex.o
                0x340031c4                HAL_RCCEx_GetPLL3CLKFreq
 .text.HAL_RCCEx_GetPLL4CLKFreq
                0x34003250       0x8c ./Drivers/STM32N6xx_HAL_Driver/stm32n6xx_hal_rcc_ex.o
                0x34003250                HAL_RCCEx_GetPLL4CLKFreq
 .text.RCCEx_GetPLLSourceFreq
                0x340032dc       0xbc ./Drivers/STM32N6xx_HAL_Driver/stm32n6xx_hal_rcc_ex.o
 .text.RCCEx_CalcPLLFreq
                0x34003398       0x98 ./Drivers/STM32N6xx_HAL_Driver/stm32n6xx_hal_rcc_ex.o
 .text.app_init_power_sequence
                0x34003430       0x70 ./src/app/app_init.o
                0x34003430                app_init_power_sequence
 .text.diagnostics_init
                0x340034a0       0x38 ./src/app/diagnostics.o
                0x340034a0                diagnostics_init
 .text.diagnostics_process
                0x340034d8       0x2c ./src/app/diagnostics.o
                0x340034d8                diagnostics_process
 .text.diagnostics_log_event
                0x34003504       0x90 ./src/app/diagnostics.o
                0x34003504                diagnostics_log_event
 .text.optical_health_init
                0x34003594       0x2c ./src/app/optical_health.o
                0x34003594                optical_health_init
 .text.optical_health_process
                0x340035c0       0xe8 ./src/app/optical_health.o
                0x340035c0                optical_health_process
 .text.path_manager_init
                0x340036a8       0x20 ./src/app/path_manager.o
                0x340036a8                path_manager_init
 .text.path_manager_process
                0x340036c8       0x54 ./src/app/path_manager.o
                0x340036c8                path_manager_process
 .text.path_manager_trigger_event
                0x3400371c       0x74 ./src/app/path_manager.o
                0x3400371c                path_manager_trigger_event
 .text.peer_comm_init
                0x34003790       0x3c ./src/app/peer_comm.o
                0x34003790                peer_comm_init
 .text.peer_comm_process
                0x340037cc       0x90 ./src/app/peer_comm.o
                0x340037cc                peer_comm_process
 .text.peer_comm_notify_cutover
                0x3400385c       0x40 ./src/app/peer_comm.o
                0x3400385c                peer_comm_notify_cutover
 .text.eth_rgmii_send_frame
                0x3400389c       0x36 ./src/drivers/net/eth_rgmii.o
                0x3400389c                eth_rgmii_send_frame
 .text.mgmt_frame_send_peer_heartbeat
                0x340038d2       0x7e ./src/drivers/net/mgmt_frame.o
                0x340038d2                mgmt_frame_send_peer_heartbeat
 .text.sfp_driver_is_present
                0x34003950        0xe ./src/drivers/sfp/sfp_driver.o
                0x34003950                sfp_driver_is_present
 *fill*         0x3400395e        0x2 
 .text.sfp_driver_read_ddm
                0x34003960       0xd4 ./src/drivers/sfp/sfp_driver.o
                0x34003960                sfp_driver_read_ddm
 .text.sfp_gpio_is_module_present
                0x34003a34       0x20 ./src/drivers/sfp/sfp_gpio.o
                0x34003a34                sfp_gpio_is_module_present
 .text.lan96455_write_reg
                0x34003a54       0x1c ./src/drivers/xswitch/lan96455_driver.o
                0x34003a54                lan96455_write_reg
 .text.lan96455_flush_mac_table
                0x34003a70       0x14 ./src/drivers/xswitch/lan96455_driver.o
                0x34003a70                lan96455_flush_mac_table
 .text.lan96455_vlan_apply_primary_path
                0x34003a84       0x30 ./src/drivers/xswitch/lan96455_vlan.o
                0x34003a84                lan96455_vlan_apply_primary_path
 .text.lan96455_vlan_apply_backup_path
                0x34003ab4       0x30 ./src/drivers/xswitch/lan96455_vlan.o
                0x34003ab4                lan96455_vlan_apply_backup_path
 .text.lan96455_vlan_set_port_mask
                0x34003ae4       0x3a ./src/drivers/xswitch/lan96455_vlan.o
                0x34003ae4                lan96455_vlan_set_port_mask
 .text.main     0x34003b1e       0x40 ./src/main.o
                0x34003b1e                main
 .text.bxp_clock_init
                0x34003b5e       0x90 ./src/platform/bxp_clock.o
                0x34003b5e                bxp_clock_init
 *fill*         0x34003bee        0x2 
 .text.LL_AHB4_GRP1_EnableClock
                0x34003bf0       0x2c ./src/platform/bxp_gpio.o
 .text.bxp_gpio_init
                0x34003c1c      0x138 ./src/platform/bxp_gpio.o
                0x34003c1c                bxp_gpio_init
 .text.bxp_i2c_init
                0x34003d54        0xe ./src/platform/bxp_i2c.o
                0x34003d54                bxp_i2c_init
 .text.bxp_i2c_read
                0x34003d62       0x36 ./src/platform/bxp_i2c.o
                0x34003d62                bxp_i2c_read
 .text.bxp_spi_init
                0x34003d98        0xe ./src/platform/bxp_spi.o
                0x34003d98                bxp_spi_init
 *fill*         0x34003da6        0x2 
 .text.bxp_spi_write_reg
                0x34003da8       0x2c ./src/platform/bxp_spi.o
                0x34003da8                bxp_spi_write_reg
 .text.memset   0x34003dd4       0x10 C:/ST/STM32CubeIDE_1.18.0/STM32CubeIDE/plugins/com.st.stm32cube.ide.mcu.externaltools.gnu-tools-for-stm32.13.3.rel1.win32_1.0.0.202411081344/tools/bin/../lib/gcc/arm-none-eabi/13.3.1/../../../../arm-none-eabi/lib/thumb/v8-m.main+dp/hard\libc_nano.a(libc_a-memset.o)
                0x34003dd4                memset
 .text.__libc_init_array
                0x34003de4       0x48 C:/ST/STM32CubeIDE_1.18.0/STM32CubeIDE/plugins/com.st.stm32cube.ide.mcu.externaltools.gnu-tools-for-stm32.13.3.rel1.win32_1.0.0.202411081344/tools/bin/../lib/gcc/arm-none-eabi/13.3.1/../../../../arm-none-eabi/lib/thumb/v8-m.main+dp/hard\libc_nano.a(libc_a-init.o)
                0x34003de4                __libc_init_array
 *(.glue_7)
 .glue_7        0x34003e2c        0x0 linker stubs
 *(.glue_7t)
 .glue_7t       0x34003e2c        0x0 linker stubs
 *(.eh_frame)
 .eh_frame      0x34003e2c        0x0 C:/ST/STM32CubeIDE_1.18.0/STM32CubeIDE/plugins/com.st.stm32cube.ide.mcu.externaltools.gnu-tools-for-stm32.13.3.rel1.win32_1.0.0.202411081344/tools/bin/../lib/gcc/arm-none-eabi/13.3.1/thumb/v8-m.main+dp/hard/crtbegin.o
 *(.RamFunc)
 *(.RamFunc*)
 *(.init)
 .init          0x34003e2c        0x4 C:/ST/STM32CubeIDE_1.18.0/STM32CubeIDE/plugins/com.st.stm32cube.ide.mcu.externaltools.gnu-tools-for-stm32.13.3.rel1.win32_1.0.0.202411081344/tools/bin/../lib/gcc/arm-none-eabi/13.3.1/thumb/v8-m.main+dp/hard/crti.o
                0x34003e2c                _init
 .init          0x34003e30        0x8 C:/ST/STM32CubeIDE_1.18.0/STM32CubeIDE/plugins/com.st.stm32cube.ide.mcu.externaltools.gnu-tools-for-stm32.13.3.rel1.win32_1.0.0.202411081344/tools/bin/../lib/gcc/arm-none-eabi/13.3.1/thumb/v8-m.main+dp/hard/crtn.o
 *(.fini)
 .fini          0x34003e38        0x4 C:/ST/STM32CubeIDE_1.18.0/STM32CubeIDE/plugins/com.st.stm32cube.ide.mcu.externaltools.gnu-tools-for-stm32.13.3.rel1.win32_1.0.0.202411081344/tools/bin/../lib/gcc/arm-none-eabi/13.3.1/thumb/v8-m.main+dp/hard/crti.o
                0x34003e38                _fini
 .fini          0x34003e3c        0x8 C:/ST/STM32CubeIDE_1.18.0/STM32CubeIDE/plugins/com.st.stm32cube.ide.mcu.externaltools.gnu-tools-for-stm32.13.3.rel1.win32_1.0.0.202411081344/tools/bin/../lib/gcc/arm-none-eabi/13.3.1/thumb/v8-m.main+dp/hard/crtn.o
                0x34003e44                        . = ALIGN (0x4)
                0x34003e44                        _etext = .

.vfp11_veneer   0x34003e44        0x0
 .vfp11_veneer  0x34003e44        0x0 linker stubs

.v4_bx          0x34003e44        0x0
 .v4_bx         0x34003e44        0x0 linker stubs

.iplt           0x34003e44        0x0
 .iplt          0x34003e44        0x0 C:/ST/STM32CubeIDE_1.18.0/STM32CubeIDE/plugins/com.st.stm32cube.ide.mcu.externaltools.gnu-tools-for-stm32.13.3.rel1.win32_1.0.0.202411081344/tools/bin/../lib/gcc/arm-none-eabi/13.3.1/thumb/v8-m.main+dp/hard/crtbegin.o

.rodata         0x34003e44      0x254
                0x34003e44                        . = ALIGN (0x4)
 *(.rodata)
 .rodata        0x34003e44       0x43 ./src/app/app_init.o
 *fill*         0x34003e87        0x1 
 .rodata        0x34003e88       0xc4 ./src/app/optical_health.o
 .rodata        0x34003f4c       0xb8 ./src/app/path_manager.o
 .rodata        0x34004004       0x42 ./src/app/peer_comm.o
 *fill*         0x34004046        0x2 
 .rodata        0x34004048       0x4e ./src/drivers/xswitch/lan96455_vlan.o
 *(.rodata*)
                0x34004098                        . = ALIGN (0x4)
 *fill*         0x34004096        0x2 

.rel.dyn        0x34004098        0x0
 .rel.iplt      0x34004098        0x0 C:/ST/STM32CubeIDE_1.18.0/STM32CubeIDE/plugins/com.st.stm32cube.ide.mcu.externaltools.gnu-tools-for-stm32.13.3.rel1.win32_1.0.0.202411081344/tools/bin/../lib/gcc/arm-none-eabi/13.3.1/thumb/v8-m.main+dp/hard/crtbegin.o

.ARM.extab      0x34004098        0x0
                0x34004098                        . = ALIGN (0x4)
 *(.ARM.extab* .gnu.linkonce.armextab.*)
                0x34004098                        . = ALIGN (0x4)

.ARM            0x34004098        0x0
                0x34004098                        . = ALIGN (0x4)
                0x34004098                        __exidx_start = .
 *(.ARM.exidx*)
                0x34004098                        __exidx_end = .
                0x34004098                        . = ALIGN (0x4)

.preinit_array  0x34004098        0x0
                0x34004098                        . = ALIGN (0x4)
                0x34004098                        PROVIDE (__preinit_array_start = .)
 *(.preinit_array*)
                0x34004098                        PROVIDE (__preinit_array_end = .)
                0x34004098                        . = ALIGN (0x4)

.init_array     0x34004098        0x4
                0x34004098                        . = ALIGN (0x4)
                0x34004098                        PROVIDE (__init_array_start = .)
 *(SORT_BY_NAME(.init_array.*))
 *(.init_array*)
 .init_array    0x34004098        0x4 C:/ST/STM32CubeIDE_1.18.0/STM32CubeIDE/plugins/com.st.stm32cube.ide.mcu.externaltools.gnu-tools-for-stm32.13.3.rel1.win32_1.0.0.202411081344/tools/bin/../lib/gcc/arm-none-eabi/13.3.1/thumb/v8-m.main+dp/hard/crtbegin.o
                0x3400409c                        PROVIDE (__init_array_end = .)
                0x3400409c                        . = ALIGN (0x4)

.fini_array     0x3400409c        0x4
                0x3400409c                        . = ALIGN (0x4)
                [!provide]                        PROVIDE (__fini_array_start = .)
 *(SORT_BY_NAME(.fini_array.*))
 *(.fini_array*)
 .fini_array    0x3400409c        0x4 C:/ST/STM32CubeIDE_1.18.0/STM32CubeIDE/plugins/com.st.stm32cube.ide.mcu.externaltools.gnu-tools-for-stm32.13.3.rel1.win32_1.0.0.202411081344/tools/bin/../lib/gcc/arm-none-eabi/13.3.1/thumb/v8-m.main+dp/hard/crtbegin.o
                [!provide]                        PROVIDE (__fini_array_end = .)
                0x340040a0                        . = ALIGN (0x4)
                0x340040a0                        _sidata = LOADADDR (.data)

.data           0x34080000        0xc load address 0x340040a0
                0x34080000                        . = ALIGN (0x4)
                0x34080000                        _sdata = .
 *(.data)
 *(.data*)
 .data.SystemCoreClock
                0x34080000        0x4 ./Core/Src/system_stm32n6xx_s.o
                0x34080000                SystemCoreClock
 .data.uwTickPrio
                0x34080004        0x4 ./Drivers/STM32N6xx_HAL_Driver/stm32n6xx_hal.o
                0x34080004                uwTickPrio
 .data.uwTickFreq
                0x34080008        0x1 ./Drivers/STM32N6xx_HAL_Driver/stm32n6xx_hal.o
                0x34080008                uwTickFreq
 .data.peer_alive
                0x34080009        0x1 ./src/app/peer_comm.o
                0x3408000c                        . = ALIGN (0x4)
 *fill*         0x3408000a        0x2 
                0x3408000c                        _edata = .

.igot.plt       0x3408000c        0x0 load address 0x340040ac
 .igot.plt      0x3408000c        0x0 C:/ST/STM32CubeIDE_1.18.0/STM32CubeIDE/plugins/com.st.stm32cube.ide.mcu.externaltools.gnu-tools-for-stm32.13.3.rel1.win32_1.0.0.202411081344/tools/bin/../lib/gcc/arm-none-eabi/13.3.1/thumb/v8-m.main+dp/hard/crtbegin.o

.noncacheable   0x3408000c        0x4 load address 0x340040ac
                0x34080010                        . = ALIGN (0x8)
 *fill*         0x3408000c        0x4 
                0x34080010                        __snoncacheable = .
 *(.noncacheable)
                0x34080010                        . = ALIGN (0x8)
                0x34080010                        __enoncacheable = .

.gnu.sgstubs    0x340040c0       0x20
                0x340040c0                        _sNSCVeneer = .
                0x340040c0                        . = ALIGN (0x4)
 *(.gnu.sgstubs*)
                0x340040c0                        . = ALIGN (0x4)
 .gnu.sgstubs.__stub
                0x340040c0        0x8 linker stubs
                0x340040c0                SECURE_SystemCoreClockUpdate
                0x340040e0                        _eNSCVeneer = .
                0x340040c8                        . = ALIGN (0x4)

.bss            0x34080010      0x664
                0x34080010                        _sbss = .
                0x34080010                        __bss_start__ = _sbss
 *(.bss)
 .bss           0x34080010       0x1c C:/ST/STM32CubeIDE_1.18.0/STM32CubeIDE/plugins/com.st.stm32cube.ide.mcu.externaltools.gnu-tools-for-stm32.13.3.rel1.win32_1.0.0.202411081344/tools/bin/../lib/gcc/arm-none-eabi/13.3.1/thumb/v8-m.main+dp/hard/crtbegin.o
 *(.bss*)
 .bss.uwTick    0x3408002c        0x4 ./Drivers/STM32N6xx_HAL_Driver/stm32n6xx_hal.o
                0x3408002c                uwTick
 .bss.ring_buffer
                0x34080030      0x600 ./src/app/diagnostics.o
 .bss.ring_head
                0x34080630        0x2 ./src/app/diagnostics.o
 .bss.ring_count
                0x34080632        0x2 ./src/app/diagnostics.o
 .bss.system_stats
                0x34080634       0x10 ./src/app/diagnostics.o
 .bss.last_stat_tick
                0x34080644        0x4 ./src/app/diagnostics.o
 .bss.latest_ddm
                0x34080648       0x14 ./src/app/optical_health.o
 .bss.current_status
                0x3408065c        0x1 ./src/app/optical_health.o
 *fill*         0x3408065d        0x3 
 .bss.last_poll_tick
                0x34080660        0x4 ./src/app/optical_health.o
 .bss.current_state
                0x34080664        0x1 ./src/app/path_manager.o
 *fill*         0x34080665        0x3 
 .bss.last_tx_tick
                0x34080668        0x4 ./src/app/peer_comm.o
 .bss.last_rx_tick
                0x3408066c        0x4 ./src/app/peer_comm.o
 .bss.tx_seq_num
                0x34080670        0x4 ./src/app/peer_comm.o
 *(COMMON)
                0x34080674                        . = ALIGN (0x4)
                0x34080674                        _ebss = .
                0x34080674                        __bss_end__ = _ebss

._user_heap_stack
                0x34080674      0xa04
                0x34080678                        . = ALIGN (0x8)
 *fill*         0x34080674        0x4 
                [!provide]                        PROVIDE (end = .)
                0x34080678                        PROVIDE (_end = .)
                0x34080878                        . = (. + _Min_Heap_Size)
 *fill*         0x34080678      0x200 
                0x34081078                        . = (. + _Min_Stack_Size)
 *fill*         0x34080878      0x800 
                0x34081078                        . = ALIGN (0x8)

/DISCARD/
 libc.a(*)
 libm.a(*)
 libgcc.a(*)

.ARM.attributes
                0x00000000       0x3a
 *(.ARM.attributes)
 .ARM.attributes
                0x00000000       0x24 C:/ST/STM32CubeIDE_1.18.0/STM32CubeIDE/plugins/com.st.stm32cube.ide.mcu.externaltools.gnu-tools-for-stm32.13.3.rel1.win32_1.0.0.202411081344/tools/bin/../lib/gcc/arm-none-eabi/13.3.1/thumb/v8-m.main+dp/hard/crti.o
 .ARM.attributes
                0x00000024       0x36 C:/ST/STM32CubeIDE_1.18.0/STM32CubeIDE/plugins/com.st.stm32cube.ide.mcu.externaltools.gnu-tools-for-stm32.13.3.rel1.win32_1.0.0.202411081344/tools/bin/../lib/gcc/arm-none-eabi/13.3.1/thumb/v8-m.main+dp/hard/crtbegin.o
 .ARM.attributes
                0x0000005a       0x3e ./Core/Src/stm32n6xx_hal_msp.o
 .ARM.attributes
                0x00000098       0x3e ./Core/Src/stm32n6xx_it.o
 .ARM.attributes
                0x000000d6       0x3e ./Core/Src/system_stm32n6xx_s.o
 .ARM.attributes
                0x00000114       0x22 ./Core/Startup/startup_stm32n657l0hxq.o
 .ARM.attributes
                0x00000136       0x3e ./Drivers/STM32N6xx_HAL_Driver/stm32n6xx_hal.o
 .ARM.attributes
                0x00000174       0x3e ./Drivers/STM32N6xx_HAL_Driver/stm32n6xx_hal_cortex.o
 .ARM.attributes
                0x000001b2       0x3e ./Drivers/STM32N6xx_HAL_Driver/stm32n6xx_hal_gpio.o
 .ARM.attributes
                0x000001f0       0x3e ./Drivers/STM32N6xx_HAL_Driver/stm32n6xx_hal_rcc.o
 .ARM.attributes
                0x0000022e       0x3e ./Drivers/STM32N6xx_HAL_Driver/stm32n6xx_hal_rcc_ex.o
 .ARM.attributes
                0x0000026c       0x3e ./src/app/app_init.o
 .ARM.attributes
                0x000002aa       0x3e ./src/app/diagnostics.o
 .ARM.attributes
                0x000002e8       0x3e ./src/app/optical_health.o
 .ARM.attributes
                0x00000326       0x3e ./src/app/path_manager.o
 .ARM.attributes
                0x00000364       0x3e ./src/app/peer_comm.o
 .ARM.attributes
                0x000003a2       0x3e ./src/drivers/net/eth_rgmii.o
 .ARM.attributes
                0x000003e0       0x3e ./src/drivers/net/mgmt_frame.o
 .ARM.attributes
                0x0000041e       0x3e ./src/drivers/sfp/sfp_driver.o
 .ARM.attributes
                0x0000045c       0x3e ./src/drivers/sfp/sfp_gpio.o
 .ARM.attributes
                0x0000049a       0x3e ./src/drivers/xswitch/lan96455_driver.o
 .ARM.attributes
                0x000004d8       0x3e ./src/drivers/xswitch/lan96455_vlan.o
 .ARM.attributes
                0x00000516       0x3e ./src/main.o
 .ARM.attributes
                0x00000554       0x3e ./src/platform/bxp_clock.o
 .ARM.attributes
                0x00000592       0x3e ./src/platform/bxp_gpio.o
 .ARM.attributes
                0x000005d0       0x3e ./src/platform/bxp_i2c.o
 .ARM.attributes
                0x0000060e       0x3e ./src/platform/bxp_spi.o
 .ARM.attributes
                0x0000064c       0x36 C:/ST/STM32CubeIDE_1.18.0/STM32CubeIDE/plugins/com.st.stm32cube.ide.mcu.externaltools.gnu-tools-for-stm32.13.3.rel1.win32_1.0.0.202411081344/tools/bin/../lib/gcc/arm-none-eabi/13.3.1/../../../../arm-none-eabi/lib/thumb/v8-m.main+dp/hard\libc_nano.a(libc_a-memset.o)
 .ARM.attributes
                0x00000682       0x36 C:/ST/STM32CubeIDE_1.18.0/STM32CubeIDE/plugins/com.st.stm32cube.ide.mcu.externaltools.gnu-tools-for-stm32.13.3.rel1.win32_1.0.0.202411081344/tools/bin/../lib/gcc/arm-none-eabi/13.3.1/../../../../arm-none-eabi/lib/thumb/v8-m.main+dp/hard\libc_nano.a(libc_a-init.o)
 .ARM.attributes
                0x000006b8       0x24 C:/ST/STM32CubeIDE_1.18.0/STM32CubeIDE/plugins/com.st.stm32cube.ide.mcu.externaltools.gnu-tools-for-stm32.13.3.rel1.win32_1.0.0.202411081344/tools/bin/../lib/gcc/arm-none-eabi/13.3.1/thumb/v8-m.main+dp/hard/crtn.o
OUTPUT(intelligent-ethernet_AppliSecure.elf elf32-littlearm)
LOAD linker stubs
LOAD C:/ST/STM32CubeIDE_1.18.0/STM32CubeIDE/plugins/com.st.stm32cube.ide.mcu.externaltools.gnu-tools-for-stm32.13.3.rel1.win32_1.0.0.202411081344/tools/bin/../lib/gcc/arm-none-eabi/13.3.1/../../../../arm-none-eabi/lib/thumb/v8-m.main+dp/hard\libc.a
LOAD C:/ST/STM32CubeIDE_1.18.0/STM32CubeIDE/plugins/com.st.stm32cube.ide.mcu.externaltools.gnu-tools-for-stm32.13.3.rel1.win32_1.0.0.202411081344/tools/bin/../lib/gcc/arm-none-eabi/13.3.1/../../../../arm-none-eabi/lib/thumb/v8-m.main+dp/hard\libm.a
LOAD C:/ST/STM32CubeIDE_1.18.0/STM32CubeIDE/plugins/com.st.stm32cube.ide.mcu.externaltools.gnu-tools-for-stm32.13.3.rel1.win32_1.0.0.202411081344/tools/bin/../lib/gcc/arm-none-eabi/13.3.1/thumb/v8-m.main+dp/hard\libgcc.a

.debug_info     0x00000000     0xf845
 .debug_info    0x00000000       0x9f ./Core/Src/stm32n6xx_hal_msp.o
 .debug_info    0x0000009f      0x138 ./Core/Src/stm32n6xx_it.o
 .debug_info    0x000001d7     0x1ab2 ./Core/Src/system_stm32n6xx_s.o
 .debug_info    0x00001c89       0x30 ./Core/Startup/startup_stm32n657l0hxq.o
 .debug_info    0x00001cb9     0x27e2 ./Drivers/STM32N6xx_HAL_Driver/stm32n6xx_hal.o
 .debug_info    0x0000449b     0x1491 ./Drivers/STM32N6xx_HAL_Driver/stm32n6xx_hal_cortex.o
 .debug_info    0x0000592c      0xafd ./Drivers/STM32N6xx_HAL_Driver/stm32n6xx_hal_gpio.o
 .debug_info    0x00006429     0x2161 ./Drivers/STM32N6xx_HAL_Driver/stm32n6xx_hal_rcc.o
 .debug_info    0x0000858a     0x3841 ./Drivers/STM32N6xx_HAL_Driver/stm32n6xx_hal_rcc_ex.o
 .debug_info    0x0000bdcb      0x297 ./src/app/app_init.o
 .debug_info    0x0000c062      0x2a7 ./src/app/diagnostics.o
 .debug_info    0x0000c309      0x2bf ./src/app/optical_health.o
 .debug_info    0x0000c5c8      0x1e5 ./src/app/path_manager.o
 .debug_info    0x0000c7ad      0x3c2 ./src/app/peer_comm.o
 .debug_info    0x0000cb6f      0x1a5 ./src/drivers/net/eth_rgmii.o
 .debug_info    0x0000cd14      0x2b7 ./src/drivers/net/mgmt_frame.o
 .debug_info    0x0000cfcb      0x27c ./src/drivers/sfp/sfp_driver.o
 .debug_info    0x0000d247      0x33e ./src/drivers/sfp/sfp_gpio.o
 .debug_info    0x0000d585      0x1c1 ./src/drivers/xswitch/lan96455_driver.o
 .debug_info    0x0000d746      0x175 ./src/drivers/xswitch/lan96455_vlan.o
 .debug_info    0x0000d8bb      0x176 ./src/main.o
 .debug_info    0x0000da31      0x339 ./src/platform/bxp_clock.o
 .debug_info    0x0000dd6a     0x16d6 ./src/platform/bxp_gpio.o
 .debug_info    0x0000f440      0x180 ./src/platform/bxp_i2c.o
 .debug_info    0x0000f5c0      0x285 ./src/platform/bxp_spi.o

.debug_abbrev   0x00000000     0x23e6
 .debug_abbrev  0x00000000       0x45 ./Core/Src/stm32n6xx_hal_msp.o
 .debug_abbrev  0x00000045       0x73 ./Core/Src/stm32n6xx_it.o
 .debug_abbrev  0x000000b8      0x177 ./Core/Src/system_stm32n6xx_s.o
 .debug_abbrev  0x0000022f       0x24 ./Core/Startup/startup_stm32n657l0hxq.o
 .debug_abbrev  0x00000253      0x2bd ./Drivers/STM32N6xx_HAL_Driver/stm32n6xx_hal.o
 .debug_abbrev  0x00000510      0x330 ./Drivers/STM32N6xx_HAL_Driver/stm32n6xx_hal_cortex.o
 .debug_abbrev  0x00000840      0x24d ./Drivers/STM32N6xx_HAL_Driver/stm32n6xx_hal_gpio.o
 .debug_abbrev  0x00000a8d      0x36a ./Drivers/STM32N6xx_HAL_Driver/stm32n6xx_hal_rcc.o
 .debug_abbrev  0x00000df7      0x305 ./Drivers/STM32N6xx_HAL_Driver/stm32n6xx_hal_rcc_ex.o
 .debug_abbrev  0x000010fc      0x113 ./src/app/app_init.o
 .debug_abbrev  0x0000120f      0x15d ./src/app/diagnostics.o
 .debug_abbrev  0x0000136c      0x189 ./src/app/optical_health.o
 .debug_abbrev  0x000014f5      0x111 ./src/app/path_manager.o
 .debug_abbrev  0x00001606      0x1e4 ./src/app/peer_comm.o
 .debug_abbrev  0x000017ea       0xd0 ./src/drivers/net/eth_rgmii.o
 .debug_abbrev  0x000018ba      0x127 ./src/drivers/net/mgmt_frame.o
 .debug_abbrev  0x000019e1      0x146 ./src/drivers/sfp/sfp_driver.o
 .debug_abbrev  0x00001b27      0x170 ./src/drivers/sfp/sfp_gpio.o
 .debug_abbrev  0x00001c97      0x115 ./src/drivers/xswitch/lan96455_driver.o
 .debug_abbrev  0x00001dac       0xe7 ./src/drivers/xswitch/lan96455_vlan.o
 .debug_abbrev  0x00001e93       0xd8 ./src/main.o
 .debug_abbrev  0x00001f6b       0xd7 ./src/platform/bxp_clock.o
 .debug_abbrev  0x00002042      0x1ea ./src/platform/bxp_gpio.o
 .debug_abbrev  0x0000222c       0x96 ./src/platform/bxp_i2c.o
 .debug_abbrev  0x000022c2      0x124 ./src/platform/bxp_spi.o

.debug_aranges  0x00000000     0x1400
 .debug_aranges
                0x00000000       0x20 ./Core/Src/stm32n6xx_hal_msp.o
 .debug_aranges
                0x00000020       0x68 ./Core/Src/stm32n6xx_it.o
 .debug_aranges
                0x00000088       0x38 ./Core/Src/system_stm32n6xx_s.o
 .debug_aranges
                0x000000c0       0x28 ./Core/Startup/startup_stm32n657l0hxq.o
 .debug_aranges
                0x000000e8      0x3d0 ./Drivers/STM32N6xx_HAL_Driver/stm32n6xx_hal.o
 .debug_aranges
                0x000004b8      0x178 ./Drivers/STM32N6xx_HAL_Driver/stm32n6xx_hal_cortex.o
 .debug_aranges
                0x00000630       0xa8 ./Drivers/STM32N6xx_HAL_Driver/stm32n6xx_hal_gpio.o
 .debug_aranges
                0x000006d8      0x2a0 ./Drivers/STM32N6xx_HAL_Driver/stm32n6xx_hal_rcc.o
 .debug_aranges
                0x00000978      0x758 ./Drivers/STM32N6xx_HAL_Driver/stm32n6xx_hal_rcc_ex.o
 .debug_aranges
                0x000010d0       0x30 ./src/app/app_init.o
 .debug_aranges
                0x00001100       0x38 ./src/app/diagnostics.o
 .debug_aranges
                0x00001138       0x38 ./src/app/optical_health.o
 .debug_aranges
                0x00001170       0x38 ./src/app/path_manager.o
 .debug_aranges
                0x000011a8       0x40 ./src/app/peer_comm.o
 .debug_aranges
                0x000011e8       0x30 ./src/drivers/net/eth_rgmii.o
 .debug_aranges
                0x00001218       0x28 ./src/drivers/net/mgmt_frame.o
 .debug_aranges
                0x00001240       0x38 ./src/drivers/sfp/sfp_driver.o
 .debug_aranges
                0x00001278       0x40 ./src/drivers/sfp/sfp_gpio.o
 .debug_aranges
                0x000012b8       0x38 ./src/drivers/xswitch/lan96455_driver.o
 .debug_aranges
                0x000012f0       0x30 ./src/drivers/xswitch/lan96455_vlan.o
 .debug_aranges
                0x00001320       0x28 ./src/main.o
 .debug_aranges
                0x00001348       0x20 ./src/platform/bxp_clock.o
 .debug_aranges
                0x00001368       0x38 ./src/platform/bxp_gpio.o
 .debug_aranges
                0x000013a0       0x30 ./src/platform/bxp_i2c.o
 .debug_aranges
                0x000013d0       0x30 ./src/platform/bxp_spi.o

.debug_rnglists
                0x00000000      0xec7
 .debug_rnglists
                0x00000000       0x13 ./Core/Src/stm32n6xx_hal_msp.o
 .debug_rnglists
                0x00000013       0x49 ./Core/Src/stm32n6xx_it.o
 .debug_rnglists
                0x0000005c       0x26 ./Core/Src/system_stm32n6xx_s.o
 .debug_rnglists
                0x00000082       0x19 ./Core/Startup/startup_stm32n657l0hxq.o
 .debug_rnglists
                0x0000009b      0x2da ./Drivers/STM32N6xx_HAL_Driver/stm32n6xx_hal.o
 .debug_rnglists
                0x00000375      0x115 ./Drivers/STM32N6xx_HAL_Driver/stm32n6xx_hal_cortex.o
 .debug_rnglists
                0x0000048a       0x80 ./Drivers/STM32N6xx_HAL_Driver/stm32n6xx_hal_gpio.o
 .debug_rnglists
                0x0000050a      0x201 ./Drivers/STM32N6xx_HAL_Driver/stm32n6xx_hal_rcc.o
 .debug_rnglists
                0x0000070b      0x5a1 ./Drivers/STM32N6xx_HAL_Driver/stm32n6xx_hal_rcc_ex.o
 .debug_rnglists
                0x00000cac       0x1f ./src/app/app_init.o
 .debug_rnglists
                0x00000ccb       0x26 ./src/app/diagnostics.o
 .debug_rnglists
                0x00000cf1       0x26 ./src/app/optical_health.o
 .debug_rnglists
                0x00000d17       0x25 ./src/app/path_manager.o
 .debug_rnglists
                0x00000d3c       0x2c ./src/app/peer_comm.o
 .debug_rnglists
                0x00000d68       0x1f ./src/drivers/net/eth_rgmii.o
 .debug_rnglists
                0x00000d87       0x1a ./src/drivers/net/mgmt_frame.o
 .debug_rnglists
                0x00000da1       0x26 ./src/drivers/sfp/sfp_driver.o
 .debug_rnglists
                0x00000dc7       0x2b ./src/drivers/sfp/sfp_gpio.o
 .debug_rnglists
                0x00000df2       0x25 ./src/drivers/xswitch/lan96455_driver.o
 .debug_rnglists
                0x00000e17       0x1f ./src/drivers/xswitch/lan96455_vlan.o
 .debug_rnglists
                0x00000e36       0x19 ./src/main.o
 .debug_rnglists
                0x00000e4f       0x14 ./src/platform/bxp_clock.o
 .debug_rnglists
                0x00000e63       0x26 ./src/platform/bxp_gpio.o
 .debug_rnglists
                0x00000e89       0x1f ./src/platform/bxp_i2c.o
 .debug_rnglists
                0x00000ea8       0x1f ./src/platform/bxp_spi.o

.debug_macro    0x00000000    0x52c66
 .debug_macro   0x00000000      0x291 ./Core/Src/stm32n6xx_hal_msp.o
 .debug_macro   0x00000291      0xb5c ./Core/Src/stm32n6xx_hal_msp.o
 .debug_macro   0x00000ded       0x16 ./Core/Src/stm32n6xx_hal_msp.o
 .debug_macro   0x00000e03      0x1d4 ./Core/Src/stm32n6xx_hal_msp.o
 .debug_macro   0x00000fd7      0x190 ./Core/Src/stm32n6xx_hal_msp.o
 .debug_macro   0x00001167       0x63 ./Core/Src/stm32n6xx_hal_msp.o
 .debug_macro   0x000011ca       0x2e ./Core/Src/stm32n6xx_hal_msp.o
 .debug_macro   0x000011f8       0x6c ./Core/Src/stm32n6xx_hal_msp.o
 .debug_macro   0x00001264       0x22 ./Core/Src/stm32n6xx_hal_msp.o
 .debug_macro   0x00001286       0x8e ./Core/Src/stm32n6xx_hal_msp.o
 .debug_macro   0x00001314       0x51 ./Core/Src/stm32n6xx_hal_msp.o
 .debug_macro   0x00001365      0x103 ./Core/Src/stm32n6xx_hal_msp.o
 .debug_macro   0x00001468       0x6a ./Core/Src/stm32n6xx_hal_msp.o
 .debug_macro   0x000014d2      0x1df ./Core/Src/stm32n6xx_hal_msp.o
 .debug_macro   0x000016b1       0x2e ./Core/Src/stm32n6xx_hal_msp.o
 .debug_macro   0x000016df       0x17 ./Core/Src/stm32n6xx_hal_msp.o
 .debug_macro   0x000016f6       0x34 ./Core/Src/stm32n6xx_hal_msp.o
 .debug_macro   0x0000172a      0x26d ./Core/Src/stm32n6xx_hal_msp.o
 .debug_macro   0x00001997       0x3a ./Core/Src/stm32n6xx_hal_msp.o
 .debug_macro   0x000019d1     0x2f0c ./Core/Src/stm32n6xx_hal_msp.o
 .debug_macro   0x000048dd      0x130 ./Core/Src/stm32n6xx_hal_msp.o
 .debug_macro   0x00004a0d      0x344 ./Core/Src/stm32n6xx_hal_msp.o
 .debug_macro   0x00004d51      0x146 ./Core/Src/stm32n6xx_hal_msp.o
 .debug_macro   0x00004e97       0x22 ./Core/Src/stm32n6xx_hal_msp.o
 .debug_macro   0x00004eb9    0x3e927 ./Core/Src/stm32n6xx_hal_msp.o
 .debug_macro   0x000437e0       0x6c ./Core/Src/stm32n6xx_hal_msp.o
 .debug_macro   0x0004384c     0x349b ./Core/Src/stm32n6xx_hal_msp.o
 .debug_macro   0x00046ce7       0x61 ./Core/Src/stm32n6xx_hal_msp.o
 .debug_macro   0x00046d48       0x29 ./Core/Src/stm32n6xx_hal_msp.o
 .debug_macro   0x00046d71       0x43 ./Core/Src/stm32n6xx_hal_msp.o
 .debug_macro   0x00046db4       0x34 ./Core/Src/stm32n6xx_hal_msp.o
 .debug_macro   0x00046de8      0x370 ./Core/Src/stm32n6xx_hal_msp.o
 .debug_macro   0x00047158       0x16 ./Core/Src/stm32n6xx_hal_msp.o
 .debug_macro   0x0004716e       0x4a ./Core/Src/stm32n6xx_hal_msp.o
 .debug_macro   0x000471b8       0x34 ./Core/Src/stm32n6xx_hal_msp.o
 .debug_macro   0x000471ec       0x10 ./Core/Src/stm32n6xx_hal_msp.o
 .debug_macro   0x000471fc       0x58 ./Core/Src/stm32n6xx_hal_msp.o
 .debug_macro   0x00047254       0x8e ./Core/Src/stm32n6xx_hal_msp.o
 .debug_macro   0x000472e2       0x1c ./Core/Src/stm32n6xx_hal_msp.o
 .debug_macro   0x000472fe      0x185 ./Core/Src/stm32n6xx_hal_msp.o
 .debug_macro   0x00047483      0x19b ./Core/Src/stm32n6xx_hal_msp.o
 .debug_macro   0x0004761e       0x72 ./Core/Src/stm32n6xx_hal_msp.o
 .debug_macro   0x00047690      0x47a ./Core/Src/stm32n6xx_hal_msp.o
 .debug_macro   0x00047b0a     0x10f7 ./Core/Src/stm32n6xx_hal_msp.o
 .debug_macro   0x00048c01     0x27e2 ./Core/Src/stm32n6xx_hal_msp.o
 .debug_macro   0x0004b3e3      0xfd4 ./Core/Src/stm32n6xx_hal_msp.o
 .debug_macro   0x0004c3b7      0x1af ./Core/Src/stm32n6xx_hal_msp.o
 .debug_macro   0x0004c566      0x2c9 ./Core/Src/stm32n6xx_hal_msp.o
 .debug_macro   0x0004c82f      0x2c4 ./Core/Src/stm32n6xx_hal_msp.o
 .debug_macro   0x0004caf3      0xa36 ./Core/Src/stm32n6xx_hal_msp.o
 .debug_macro   0x0004d529      0x7b2 ./Core/Src/stm32n6xx_hal_msp.o
 .debug_macro   0x0004dcdb       0xeb ./Core/Src/stm32n6xx_hal_msp.o
 .debug_macro   0x0004ddc6      0x216 ./Core/Src/stm32n6xx_hal_msp.o
 .debug_macro   0x0004dfdc      0x36b ./Core/Src/stm32n6xx_hal_msp.o
 .debug_macro   0x0004e347      0x303 ./Core/Src/stm32n6xx_hal_msp.o
 .debug_macro   0x0004e64a      0x46a ./Core/Src/stm32n6xx_hal_msp.o
 .debug_macro   0x0004eab4      0x5fb ./Core/Src/stm32n6xx_hal_msp.o
 .debug_macro   0x0004f0af      0x29b ./Core/Src/stm32n6xx_it.o
 .debug_macro   0x0004f34a      0x2ae ./Core/Src/system_stm32n6xx_s.o
 .debug_macro   0x0004f5f8      0x1a9 ./Core/Src/system_stm32n6xx_s.o
 .debug_macro   0x0004f7a1      0x28e ./Drivers/STM32N6xx_HAL_Driver/stm32n6xx_hal.o
 .debug_macro   0x0004fa2f      0x289 ./Drivers/STM32N6xx_HAL_Driver/stm32n6xx_hal_cortex.o
 .debug_macro   0x0004fcb8      0x28f ./Drivers/STM32N6xx_HAL_Driver/stm32n6xx_hal_gpio.o
 .debug_macro   0x0004ff47      0x312 ./Drivers/STM32N6xx_HAL_Driver/stm32n6xx_hal_rcc.o
 .debug_macro   0x00050259      0x288 ./Drivers/STM32N6xx_HAL_Driver/stm32n6xx_hal_rcc_ex.o
 .debug_macro   0x000504e1      0x2b7 ./src/app/app_init.o
 .debug_macro   0x00050798       0x22 ./src/app/app_init.o
 .debug_macro   0x000507ba       0xe8 ./src/app/app_init.o
 .debug_macro   0x000508a2       0x5e ./src/app/app_init.o
 .debug_macro   0x00050900      0x2d4 ./src/app/diagnostics.o
 .debug_macro   0x00050bd4       0x16 ./src/app/diagnostics.o
 .debug_macro   0x00050bea       0x20 ./src/app/diagnostics.o
 .debug_macro   0x00050c0a      0x2c1 ./src/app/optical_health.o
 .debug_macro   0x00050ecb       0x16 ./src/app/optical_health.o
 .debug_macro   0x00050ee1       0xa7 ./src/app/path_manager.o
 .debug_macro   0x00050f88      0x2cb ./src/app/peer_comm.o
 .debug_macro   0x00051253      0x2b4 ./src/drivers/net/eth_rgmii.o
 .debug_macro   0x00051507      0x162 ./src/drivers/net/mgmt_frame.o
 .debug_macro   0x00051669       0x10 ./src/drivers/net/mgmt_frame.o
 .debug_macro   0x00051679       0x10 ./src/drivers/net/mgmt_frame.o
 .debug_macro   0x00051689      0x2e4 ./src/drivers/sfp/sfp_driver.o
 .debug_macro   0x0005196d       0x10 ./src/drivers/sfp/sfp_driver.o
 .debug_macro   0x0005197d      0x2c1 ./src/drivers/sfp/sfp_gpio.o
 .debug_macro   0x00051c3e       0x9c ./src/drivers/xswitch/lan96455_driver.o
 .debug_macro   0x00051cda       0x70 ./src/drivers/xswitch/lan96455_driver.o
 .debug_macro   0x00051d4a       0x9c ./src/drivers/xswitch/lan96455_vlan.o
 .debug_macro   0x00051de6      0x306 ./src/main.o
 .debug_macro   0x000520ec      0x292 ./src/platform/bxp_clock.o
 .debug_macro   0x0005237e      0x2be ./src/platform/bxp_gpio.o
 .debug_macro   0x0005263c       0xe2 ./src/platform/bxp_gpio.o
 .debug_macro   0x0005271e      0x2a4 ./src/platform/bxp_i2c.o
 .debug_macro   0x000529c2      0x2a4 ./src/platform/bxp_spi.o

.debug_line     0x00000000    0x144ae
 .debug_line    0x00000000      0x88d ./Core/Src/stm32n6xx_hal_msp.o
 .debug_line    0x0000088d      0x955 ./Core/Src/stm32n6xx_it.o
 .debug_line    0x000011e2      0xb17 ./Core/Src/system_stm32n6xx_s.o
 .debug_line    0x00001cf9       0x7e ./Core/Startup/startup_stm32n657l0hxq.o
 .debug_line    0x00001d77     0x1656 ./Drivers/STM32N6xx_HAL_Driver/stm32n6xx_hal.o
 .debug_line    0x000033cd      0xffc ./Drivers/STM32N6xx_HAL_Driver/stm32n6xx_hal_cortex.o
 .debug_line    0x000043c9     0x107e ./Drivers/STM32N6xx_HAL_Driver/stm32n6xx_hal_gpio.o
 .debug_line    0x00005447     0x222d ./Drivers/STM32N6xx_HAL_Driver/stm32n6xx_hal_rcc.o
 .debug_line    0x00007674     0x4821 ./Drivers/STM32N6xx_HAL_Driver/stm32n6xx_hal_rcc_ex.o
 .debug_line    0x0000be95      0x911 ./src/app/app_init.o
 .debug_line    0x0000c7a6      0x973 ./src/app/diagnostics.o
 .debug_line    0x0000d119      0x9c6 ./src/app/optical_health.o
 .debug_line    0x0000dadf      0x53c ./src/app/path_manager.o
 .debug_line    0x0000e01b      0x9b0 ./src/app/peer_comm.o
 .debug_line    0x0000e9cb      0x92d ./src/drivers/net/eth_rgmii.o
 .debug_line    0x0000f2f8      0x662 ./src/drivers/net/mgmt_frame.o
 .debug_line    0x0000f95a      0x9cf ./src/drivers/sfp/sfp_driver.o
 .debug_line    0x00010329      0x97b ./src/drivers/sfp/sfp_gpio.o
 .debug_line    0x00010ca4      0x509 ./src/drivers/xswitch/lan96455_driver.o
 .debug_line    0x000111ad      0x4df ./src/drivers/xswitch/lan96455_vlan.o
 .debug_line    0x0001168c      0x9ad ./src/main.o
 .debug_line    0x00012039      0x8cb ./src/platform/bxp_clock.o
 .debug_line    0x00012904      0x9c1 ./src/platform/bxp_gpio.o
 .debug_line    0x000132c5      0x8f8 ./src/platform/bxp_i2c.o
 .debug_line    0x00013bbd      0x8f1 ./src/platform/bxp_spi.o

.debug_str      0x00000000   0x202e45
 .debug_str     0x00000000   0x202e45 ./Core/Src/stm32n6xx_hal_msp.o
                             0x1fbac4 (size before relaxing)
 .debug_str     0x00202e45   0x1fbb75 ./Core/Src/stm32n6xx_it.o
 .debug_str     0x00202e45   0x1fcf3e ./Core/Src/system_stm32n6xx_s.o
 .debug_str     0x00202e45       0x85 ./Core/Startup/startup_stm32n657l0hxq.o
 .debug_str     0x00202e45   0x1fe22a ./Drivers/STM32N6xx_HAL_Driver/stm32n6xx_hal.o
 .debug_str     0x00202e45   0x1fccfe ./Drivers/STM32N6xx_HAL_Driver/stm32n6xx_hal_cortex.o
 .debug_str     0x00202e45   0x1fbf59 ./Drivers/STM32N6xx_HAL_Driver/stm32n6xx_hal_gpio.o
 .debug_str     0x00202e45   0x1fd47c ./Drivers/STM32N6xx_HAL_Driver/stm32n6xx_hal_rcc.o
 .debug_str     0x00202e45   0x1fe458 ./Drivers/STM32N6xx_HAL_Driver/stm32n6xx_hal_rcc_ex.o
 .debug_str     0x00202e45   0x1fc1fa ./src/app/app_init.o
 .debug_str     0x00202e45   0x1fbe3f ./src/app/diagnostics.o
 .debug_str     0x00202e45   0x1fbf8b ./src/app/optical_health.o
 .debug_str     0x00202e45     0x4488 ./src/app/path_manager.o
 .debug_str     0x00202e45   0x1fc2f3 ./src/app/peer_comm.o
 .debug_str     0x00202e45   0x1fbd20 ./src/drivers/net/eth_rgmii.o
 .debug_str     0x00202e45     0x7764 ./src/drivers/net/mgmt_frame.o
 .debug_str     0x00202e45   0x1fbcf9 ./src/drivers/sfp/sfp_driver.o
 .debug_str     0x00202e45   0x1fc302 ./src/drivers/sfp/sfp_gpio.o
 .debug_str     0x00202e45     0x45bc ./src/drivers/xswitch/lan96455_driver.o
 .debug_str     0x00202e45     0x45c6 ./src/drivers/xswitch/lan96455_vlan.o
 .debug_str     0x00202e45   0x1fc262 ./src/main.o
 .debug_str     0x00202e45   0x1fbcc7 ./src/platform/bxp_clock.o
 .debug_str     0x00202e45   0x1fd5ea ./src/platform/bxp_gpio.o
 .debug_str     0x00202e45   0x1fbf5d ./src/platform/bxp_i2c.o
 .debug_str     0x00202e45   0x1fbffd ./src/platform/bxp_spi.o

.comment        0x00000000       0x43
 .comment       0x00000000       0x43 ./Core/Src/stm32n6xx_hal_msp.o
                                 0x44 (size before relaxing)
 .comment       0x00000043       0x44 ./Core/Src/stm32n6xx_it.o
 .comment       0x00000043       0x44 ./Core/Src/system_stm32n6xx_s.o
 .comment       0x00000043       0x44 ./Drivers/STM32N6xx_HAL_Driver/stm32n6xx_hal.o
 .comment       0x00000043       0x44 ./Drivers/STM32N6xx_HAL_Driver/stm32n6xx_hal_cortex.o
 .comment       0x00000043       0x44 ./Drivers/STM32N6xx_HAL_Driver/stm32n6xx_hal_gpio.o
 .comment       0x00000043       0x44 ./Drivers/STM32N6xx_HAL_Driver/stm32n6xx_hal_rcc.o
 .comment       0x00000043       0x44 ./Drivers/STM32N6xx_HAL_Driver/stm32n6xx_hal_rcc_ex.o
 .comment       0x00000043       0x44 ./src/app/app_init.o
 .comment       0x00000043       0x44 ./src/app/diagnostics.o
 .comment       0x00000043       0x44 ./src/app/optical_health.o
 .comment       0x00000043       0x44 ./src/app/path_manager.o
 .comment       0x00000043       0x44 ./src/app/peer_comm.o
 .comment       0x00000043       0x44 ./src/drivers/net/eth_rgmii.o
 .comment       0x00000043       0x44 ./src/drivers/net/mgmt_frame.o
 .comment       0x00000043       0x44 ./src/drivers/sfp/sfp_driver.o
 .comment       0x00000043       0x44 ./src/drivers/sfp/sfp_gpio.o
 .comment       0x00000043       0x44 ./src/drivers/xswitch/lan96455_driver.o
 .comment       0x00000043       0x44 ./src/drivers/xswitch/lan96455_vlan.o
 .comment       0x00000043       0x44 ./src/main.o
 .comment       0x00000043       0x44 ./src/platform/bxp_clock.o
 .comment       0x00000043       0x44 ./src/platform/bxp_gpio.o
 .comment       0x00000043       0x44 ./src/platform/bxp_i2c.o
 .comment       0x00000043       0x44 ./src/platform/bxp_spi.o

.debug_frame    0x00000000     0x4e30
 .debug_frame   0x00000000       0x30 ./Core/Src/stm32n6xx_hal_msp.o
 .debug_frame   0x00000030      0x11c ./Core/Src/stm32n6xx_it.o
 .debug_frame   0x0000014c       0xa0 ./Core/Src/system_stm32n6xx_s.o
 .debug_frame   0x000001ec     0x1074 ./Drivers/STM32N6xx_HAL_Driver/stm32n6xx_hal.o
 .debug_frame   0x00001260      0x658 ./Drivers/STM32N6xx_HAL_Driver/stm32n6xx_hal_cortex.o
 .debug_frame   0x000018b8      0x2dc ./Drivers/STM32N6xx_HAL_Driver/stm32n6xx_hal_gpio.o
 .debug_frame   0x00001b94      0xac0 ./Drivers/STM32N6xx_HAL_Driver/stm32n6xx_hal_rcc.o
 .debug_frame   0x00002654     0x1f80 ./Drivers/STM32N6xx_HAL_Driver/stm32n6xx_hal_rcc_ex.o
 .debug_frame   0x000045d4       0x64 ./src/app/app_init.o
 .debug_frame   0x00004638       0xa0 ./src/app/diagnostics.o
 .debug_frame   0x000046d8       0x9c ./src/app/optical_health.o
 .debug_frame   0x00004774       0x8c ./src/app/path_manager.o
 .debug_frame   0x00004800       0xb8 ./src/app/peer_comm.o
 .debug_frame   0x000048b8       0x7c ./src/drivers/net/eth_rgmii.o
 .debug_frame   0x00004934       0x5c ./src/drivers/net/mgmt_frame.o
 .debug_frame   0x00004990       0x94 ./src/drivers/sfp/sfp_driver.o
 .debug_frame   0x00004a24       0xa4 ./src/drivers/sfp/sfp_gpio.o
 .debug_frame   0x00004ac8       0x98 ./src/drivers/xswitch/lan96455_driver.o
 .debug_frame   0x00004b60       0x6c ./src/drivers/xswitch/lan96455_vlan.o
 .debug_frame   0x00004bcc       0x44 ./src/main.o
 .debug_frame   0x00004c10       0x38 ./src/platform/bxp_clock.o
 .debug_frame   0x00004c48       0xa4 ./src/platform/bxp_gpio.o
 .debug_frame   0x00004cec       0x80 ./src/platform/bxp_i2c.o
 .debug_frame   0x00004d6c       0x78 ./src/platform/bxp_spi.o
 .debug_frame   0x00004de4       0x20 C:/ST/STM32CubeIDE_1.18.0/STM32CubeIDE/plugins/com.st.stm32cube.ide.mcu.externaltools.gnu-tools-for-stm32.13.3.rel1.win32_1.0.0.202411081344/tools/bin/../lib/gcc/arm-none-eabi/13.3.1/../../../../arm-none-eabi/lib/thumb/v8-m.main+dp/hard\libc_nano.a(libc_a-memset.o)
 .debug_frame   0x00004e04       0x2c C:/ST/STM32CubeIDE_1.18.0/STM32CubeIDE/plugins/com.st.stm32cube.ide.mcu.externaltools.gnu-tools-for-stm32.13.3.rel1.win32_1.0.0.202411081344/tools/bin/../lib/gcc/arm-none-eabi/13.3.1/../../../../arm-none-eabi/lib/thumb/v8-m.main+dp/hard\libc_nano.a(libc_a-init.o)

.debug_line_str
                0x00000000       0x69
 .debug_line_str
                0x00000000       0x69 ./Core/Startup/startup_stm32n657l0hxq.o
